ESP-ROM:esp32s3-20210327
Build:Mar 27 2021
rst:0x15 (USB_UART_CHIP_RESET),boot:0x8 (SPI_FAST_FLASH_BOOT)
Saved PC:0x400490e9
SPIWP:0xee
mode:DIO, clock div:1
load:0x3fce3818,len:0x1758
load:0x403c9700,len:0x4
load:0x403c9704,len:0xc00
load:0x403cc700,len:0x2e04
entry 0x403c9908
[0;32mI (26) boot: ESP-IDF v5.1.2-dirty 2nd stage bootloader[0m
[0;32mI (27) boot: compile time Apr  6 2026 13:24:17[0m
[0;32mI (27) boot: Multicore bootloader[0m
[0;32mI (30) boot: chip revision: v0.2[0m
[0;32mI (34) boot.esp32s3: Boot SPI Speed : 80MHz[0m
[0;32mI (39) boot.esp32s3: SPI Mode       : DIO[0m
[0;32mI (44) boot.esp32s3: SPI Flash Size : 4MB[0m
[0;32mI (48) boot: Enabling RNG early entropy source...[0m
[0;32mI (54) boot: Partition Table:[0m
[0;32mI (57) boot: ## Label            Usage          Type ST Offset   Length[0m
[0;32mI (65) boot:  0 nvs              WiFi data        01 02 00009000 00006000[0m
[0;32mI (72) boot:  1 phy_init         RF data          01 01 0000f000 00001000[0m
[0;32mI (79) boot:  2 factory          factory app      00 00 00010000 00100000[0m
[0;32mI (87) boot:  3 storage          Unknown data     01 82 00110000 00100000[0m
[0;32mI (94) boot: End of partition table[0m
[0;32mI (99) esp_image: segment 0: paddr=00010020 vaddr=3c0a0020 size=22d7ch (142716) map[0m
[0;32mI (133) esp_image: segment 1: paddr=00032da4 vaddr=3fc97200 size=0463ch ( 17980) load[0m
[0;32mI (137) esp_image: segment 2: paddr=000373e8 vaddr=40374000 size=08c30h ( 35888) load[0m
[0;32mI (146) esp_image: segment 3: paddr=00040020 vaddr=42000020 size=97e38h (622136) map[0m
[0;32mI (259) esp_image: segment 4: paddr=000d7e60 vaddr=4037cc30 size=0a510h ( 42256) load[0m
[0;32mI (276) boot: Loaded app from partition at offset 0x10000[0m
[0;32mI (277) boot: Disabling RNG early entropy source...[0m
[0;32mI (288) cpu_start: Multicore app[0m
[0;32mI (288) cpu_start: Pro cpu up.[0m
[0;32mI (288) cpu_start: Starting app cpu, entry point is 0x40375504[0m
[0;32mI (0) cpu_start: App cpu up.[0m
[0;32mI (306) cpu_start: Pro cpu start user code[0m
[0;32mI (307) cpu_start: cpu freq: 160000000 Hz[0m
[0;32mI (307) cpu_start: Application information:[0m
[0;32mI (310) cpu_start: Project name:     RR_OS[0m
[0;32mI (314) cpu_start: App version:      9ac8a6f-dirty[0m
[0;32mI (320) cpu_start: Compile time:     Apr  6 2026 20:24:50[0m
[0;32mI (326) cpu_start: ELF file SHA256:  c6d9a296c680c41d...[0m
[0;32mI (332) cpu_start: ESP-IDF:          v5.1.2-dirty[0m
[0;32mI (337) cpu_start: Min chip rev:     v0.0[0m
[0;32mI (342) cpu_start: Max chip rev:     v0.99 [0m
[0;32mI (347) cpu_start: Chip rev:         v0.2[0m
[0;32mI (352) heap_init: Initializing. RAM available for dynamic allocation:[0m
[0;32mI (359) heap_init: At 3FCA2A78 len 00046C98 (283 KiB): DRAM[0m
[0;32mI (365) heap_init: At 3FCE9710 len 00005724 (21 KiB): STACK/DRAM[0m
[0;32mI (372) heap_init: At 3FCF0000 len 00008000 (32 KiB): DRAM[0m
[0;32mI (378) heap_init: At 600FE010 len 00001FD8 (7 KiB): RTCRAM[0m
[0;32mI (385) spi_flash: detected chip: gd[0m
[0;32mI (388) spi_flash: flash io: dio[0m
[0;33mW (392) spi_flash: Detected size(8192k) larger than the size in the binary image header(4096k). Using the size in the binary image header.[0m
[0;32mI (406) sleep: Configure to isolate all GPIO pins in sleep state[0m
[0;32mI (412) sleep: Enable automatic switching of GPIO sleep configuration[0m
[0;32mI (419) app_start: Starting scheduler on CPU0[0m
[0;32mI (424) app_start: Starting scheduler on CPU1[0m
[0;32mI (424) main_task: Started on CPU0[0m
[0;32mI (434) main_task: Calling app_main()[0m
[0;32mI (434) MAIN: Starting app_main[0m
[0;32mI (554) wifi_station_netif: ESP_WIFI_MODE_STA[0m
ESP_ERROR_CHECK failed: esp_err_t 0x103 (ESP_ERR_INVALID_STATE) at 0x4200c366
file: "./components/micro_ros_espidf_component/network_interfaces/uros_wlan_netif.c" line 66
func: wifi_init_sta
expression: esp_event_loop_create_default()

abort() was called at PC 0x4037bf17 on core 0


Backtrace: 0x40375a4e:0x3fca6700 0x4037bf21:0x3fca6720 0x40383186:0x3fca6740 0x4037bf17:0x3fca67b0 0x4200c366:0x3fca67e0 0x4200c6bb:0x3fca69a0 0x4200a770:0x3fca69c0 0x4200a438:0x3fca69f0 0x42097507:0x3fca6a10 0x4037e9ad:0x3fca6a40




ELF file SHA256: c6d9a296c680c41d

Rebooting...
ESP-ROM:esp32s3-20210327
Build:Mar 27 2021
rst:0x3 (RTC_SW_SYS_RST),boot:0x8 (SPI_FAST_FLASH_BOOT)
Saved PC:0x403758d0
SPIWP:0xee
mode:DIO, clock div:1
load:0x3fce3818,len:0x1758
load:0x403c9700,len:0x4
load:0x403c9704,len:0xc00
load:0x403cc700,len:0x2e04
entry 0x403c9908
[0;32mI (26) boot: ESP-IDF v5.1.2-dirty 2nd stage bootloader[0m
[0;32mI (26) boot: compile time Apr  6 2026 13:24:17[0m
[0;32mI (26) boot: Multicore bootloader[0m
[0;32mI (30) boot: chip revision: v0.2[0m
[0;32mI (33) boot.esp32s3: Boot SPI Speed : 80MHz[0m
[0;32mI (38) boot.esp32s3: SPI Mode       : DIO[0m
[0;32mI (43) boot.esp32s3: SPI Flash Size : 4MB[0m
[0;32mI (48) boot: Enabling RNG early entropy source...[0m
[0;32mI (53) boot: Partition Table:[0m
[0;32mI (57) boot: ## Label            Usage          Type ST Offset   Length[0m
[0;32mI (64) boot:  0 nvs              WiFi data        01 02 00009000 00006000[0m
[0;32mI (71) boot:  1 phy_init         RF data          01 01 0000f000 00001000[0m
[0;32mI (79) boot:  2 factory          factory app      00 00 00010000 00100000[0m
[0;32mI (86) boot:  3 storage          Unknown data     01 82 00110000 00100000[0m
[0;32mI (94) boot: End of partition table[0m
[0;32mI (98) esp_image: segment 0: paddr=00010020 vaddr=3c0a0020 size=22d7ch (142716) map[0m
[0;32mI (132) esp_image: segment 1: paddr=00032da4 vaddr=3fc97200 size=0463ch ( 17980) load[0m
[0;32mI (136) esp_image: segment 2: paddr=000373e8 vaddr=40374000 size=08c30h ( 35888) load[0m
[0;32mI (146) esp_image: segment 3: paddr=00040020 vaddr=42000020 size=97e38h (622136) map[0m
[0;32mI (258) esp_image: segment 4: paddr=000d7e60 vaddr=4037cc30 size=0a510h ( 42256) load[0m
[0;32mI (276) boot: Loaded app from partition at offset 0x10000[0m
[0;32mI (276) boot: Disabling RNG early entropy source...[0m
[0;32mI (287) cpu_start: Multicore app[0m
[0;32mI (288) cpu_start: Pro cpu up.[0m
[0;32mI (288) cpu_start: Starting app cpu, entry point is 0x40375504[0m
[0;32mI (0) cpu_start: App cpu up.[0m
[0;32mI (306) cpu_start: Pro cpu start user code[0m
[0;32mI (306) cpu_start: cpu freq: 160000000 Hz[0m
[0;32mI (306) cpu_start: Application information:[0m
[0;32mI (309) cpu_start: Project name:     RR_OS[0m
[0;32mI (314) cpu_start: App version:      9ac8a6f-dirty[0m
[0;32mI (319) cpu_start: Compile time:     Apr  6 2026 20:24:50[0m
[0;32mI (325) cpu_start: ELF file SHA256:  c6d9a296c680c41d...[0m
[0;32mI (331) cpu_start: ESP-IDF:          v5.1.2-dirty[0m
[0;32mI (337) cpu_start: Min chip rev:     v0.0[0m
[0;32mI (341) cpu_start: Max chip rev:     v0.99 [0m
[0;32mI (346) cpu_start: Chip rev:         v0.2[0m
[0;32mI (351) heap_init: Initializing. RAM available for dynamic allocation:[0m
[0;32mI (358) heap_init: At 3FCA2A78 len 00046C98 (283 KiB): DRAM[0m
[0;32mI (364) heap_init: At 3FCE9710 len 00005724 (21 KiB): STACK/DRAM[0m
[0;32mI (371) heap_init: At 3FCF0000 len 00008000 (32 KiB): DRAM[0m
[0;32mI (377) heap_init: At 600FE010 len 00001FD8 (7 KiB): RTCRAM[0m
[0;32mI (384) spi_flash: detected chip: gd[0m
[0;32mI (388) spi_flash: flash io: dio[0m
[0;33mW (392) spi_flash: Detected size(8192k) larger than the size in the binary image header(4096k). Using the size in the binary image header.[0m
[0;32mI (405) sleep: Configure to isolate all GPIO pins in sleep state[0m
[0;32mI (412) sleep: Enable automatic switching of GPIO sleep configuration[0m
[0;32mI (419) app_start: Starting scheduler on CPU0[0m
[0;32mI (424) app_start: Starting scheduler on CPU1[0m
[0;32mI (424) main_task: Started on CPU0[0m
[0;32mI (434) main_task: Calling app_main()[0m
[0;32mI (434) MAIN: Starting app_main[0m
[0;32mI (554) wifi_station_netif: ESP_WIFI_MODE_STA[0m
ESP_ERROR_CHECK failed: esp_err_t 0x103 (ESP_ERR_INVALID_STATE) at 0x4200c366
file: "./components/micro_ros_espidf_component/network_interfaces/uros_wlan_netif.c" line 66
func: wifi_init_sta
expression: esp_event_loop_create_default()

abort() was called at PC 0x4037bf17 on core 0


Backtrace: 0x40375a4e:0x3fca6700 0x4037bf21:0x3fca6720 0x40383186:0x3fca6740 0x4037bf17:0x3fca67b0 0x4200c366:0x3fca67e0 0x4200c6bb:0x3fca69a0 0x4200a770:0x3fca69c0 0x4200a438:0x3fca69f0 0x42097507:0x3fca6a10 0x4037e9ad:0x3fca6a40




ELF file SHA256: c6d9a296c680c41d

Rebooting...
ESP-ROM:esp32s3-20210327
Build:Mar 27 2021
rst:0x3 (RTC_SW_SYS_RST),boot:0x8 (SPI_FAST_FLASH_BOOT)
Saved PC:0x403758d0
SPIWP:0xee
mode:DIO, clock div:1
load:0x3fce3818,len:0x1758
load:0x403c9700,len:0x4
load:0x403c9704,len:0xc00
load:0x403cc700,len:0x2e04
entry 0x403c9908
[0;32mI (26) boot: ESP-IDF v5.1.2-dirty 2nd stage bootloader[0m
[0;32mI (26) boot: compile time Apr  6 2026 13:24:17[0m
[0;32mI (26) boot: Multicore bootloader[0m
[0;32mI (30) boot: chip revision: v0.2[0m
[0;32mI (33) boot.esp32s3: Boot SPI Speed : 80MHz[0m
[0;32mI (38) boot.esp32s3: SPI Mode       : DIO[0m
[0;32mI (43) boot.esp32s3: SPI Flash Size : 4MB[0m
[0;32mI (48) boot: Enabling RNG early entropy source...[0m
[0;32mI (53) boot: Partition Table:[0m
[0;32mI (57) boot: ## Label            Usage          Type ST Offset   Length[0m
[0;32mI (64) boot:  0 nvs              WiFi data        01 02 00009000 00006000[0m
[0;32mI (71) boot:  1 phy_init         RF data          01 01 0000f000 00001000[0m
[0;32mI (79) boot:  2 factory          factory app      00 00 00010000 00100000[0m
[0;32mI (86) boot:  3 storage          Unknown data     01 82 00110000 00100000[0m
[0;32mI (94) boot: End of partition table[0m
[0;32mI (98) esp_image: segment 0: paddr=00010020 vaddr=3c0a0020 size=22d7ch (142716) map[0m
[0;32mI (132) esp_image: segment 1: paddr=00032da4 vaddr=3fc97200 size=0463ch ( 17980) load[0m
[0;32mI (136) esp_image: segment 2: paddr=000373e8 vaddr=40374000 size=08c30h ( 35888) load[0m
[0;32mI (146) esp_image: segment 3: paddr=00040020 vaddr=42000020 size=97e38h (622136) map[0m
[0;32mI (258) esp_image: segment 4: paddr=000d7e60 vaddr=4037cc30 size=0a510h ( 42256) load[0m
[0;32mI (276) boot: Loaded app from partition at offset 0x10000[0m
[0;32mI (276) boot: Disabling RNG early entropy source...[0m
[0;32mI (287) cpu_start: Multicore app[0m
[0;32mI (288) cpu_start: Pro cpu up.[0m
[0;32mI (288) cpu_start: Starting app cpu, entry point is 0x40375504[0m
[0;32mI (0) cpu_start: App cpu up.[0m
[0;32mI (306) cpu_start: Pro cpu start user code[0m
[0;32mI (306) cpu_start: cpu freq: 160000000 Hz[0m
[0;32mI (306) cpu_start: Application information:[0m
[0;32mI (309) cpu_start: Project name:     RR_OS[0m
[0;32mI (314) cpu_start: App version:      9ac8a6f-dirty[0m
[0;32mI (319) cpu_start: Compile time:     Apr  6 2026 20:24:50[0m
[0;32mI (325) cpu_start: ELF file SHA256:  c6d9a296c680c41d...[0m
[0;32mI (331) cpu_start: ESP-IDF:          v5.1.2-dirty[0m
[0;32mI (337) cpu_start: Min chip rev:     v0.0[0m
[0;32mI (341) cpu_start: Max chip rev:     v0.99 [0m
[0;32mI (346) cpu_start: Chip rev:         v0.2[0m
[0;32mI (351) heap_init: Initializing. RAM available for dynamic allocation:[0m
[0;32mI (358) heap_init: At 3FCA2A78 len 00046C98 (283 KiB): DRAM[0m
[0;32mI (364) heap_init: At 3FCE9710 len 00005724 (21 KiB): STACK/DRAM[0m
[0;32mI (371) heap_init: At 3FCF0000 len 00008000 (32 KiB): DRAM[0m
[0;32mI (377) heap_init: At 600FE010 len 00001FD8 (7 KiB): RTCRAM[0m
[0;32mI (384) spi_flash: detected chip: gd[0m
[0;32mI (388) spi_flash: flash io: dio[0m
[0;33mW (392) spi_flash: Detected size(8192k) larger than the size in the binary image header(4096k). Using the size in the binary image header.[0m
[0;32mI (405) sleep: Configure to isolate all GPIO pins in sleep state[0m
[0;32mI (412) sleep: Enable automatic switching of GPIO sleep configuration[0m
[0;32mI (419) app_start: Starting scheduler on CPU0[0m
[0;32mI (424) app_start: Starting scheduler on CPU1[0m
[0;32mI (424) main_task: Started on CPU0[0m
[0;32mI (434) main_task: Calling app_main()[0m
[0;32mI (434) MAIN: Starting app_main[0m
[0;32mI (554) wifi_station_netif: ESP_WIFI_MODE_STA[0m
ESP_ERROR_CHECK failed: esp_err_t 0x103 (ESP_ERR_INVALID_STATE) at 0x4200c366
file: "./components/micro_ros_espidf_component/network_interfaces/uros_wlan_netif.c" line 66
func: wifi_init_sta
expression: esp_event_loop_create_default()

abort() was called at PC 0x4037bf17 on core 0


Backtrace: 0x40375a4e:0x3fca6700 0x4037bf21:0x3fca6720 0x40383186:0x3fca6740 0x4037bf17:0x3fca67b0 0x4200c366:0x3fca67e0 0x4200c6bb:0x3fca69a0 0x4200a770:0x3fca69c0 0x4200a438:0x3fca69f0 0x42097507:0x3fca6a10 0x4037e9ad:0x3fca6a40




ELF file SHA256: c6d9a296c680c41d

Rebooting...
ESP-ROM:esp32s3-20210327
Build:Mar 27 2021
rst:0x3 (RTC_SW_SYS_RST),boot:0x8 (SPI_FAST_FLASH_BOOT)
Saved PC:0x403758d0
SPIWP:0xee
mode:DIO, clock div:1
load:0x3fce3818,len:0x1758
load:0x403c9700,len:0x4
load:0x403c9704,len:0xc00
load:0x403cc700,len:0x2e04
entry 0x403c9908
[0;32mI (26) boot: ESP-IDF v5.1.2-dirty 2nd stage bootloader[0m
[0;32mI (26) boot: compile time Apr  6 2026 13:24:17[0m
[0;32mI (26) boot: Multicore bootloader[0m
[0;32mI (30) boot: chip revision: v0.2[0m
[0;32mI (33) boot.esp32s3: Boot SPI Speed : 80MHz[0m
[0;32mI (38) boot.esp32s3: SPI Mode       : DIO[0m
[0;32mI (43) boot.esp32s3: SPI Flash Size : 4MB[0m
[0;32mI (48) boot: Enabling RNG early entropy source...[0m
[0;32mI (53) boot: Partition Table:[0m
[0;32mI (57) boot: ## Label            Usage          Type ST Offset   Length[0m
[0;32mI (64) boot:  0 nvs              WiFi data        01 02 00009000 00006000[0m
[0;32mI (71) boot:  1 phy_init         RF data          01 01 0000f000 00001000[0m
[0;32mI (79) boot:  2 factory          factory app      00 00 00010000 00100000[0m
[0;32mI (86) boot:  3 storage          Unknown data     01 82 00110000 00100000[0m
[0;32mI (94) boot: End of partition table[0m
[0;32mI (98) esp_image: segment 0: paddr=00010020 vaddr=3c0a0020 size=22d7ch (142716) map[0m
[0;32mI (132) esp_image: segment 1: paddr=00032da4 vaddr=3fc97200 size=0463ch ( 17980) load[0m
[0;32mI (136) esp_image: segment 2: paddr=000373e8 vaddr=40374000 size=08c30h ( 35888) load[0m
[0;32mI (146) esp_image: segment 3: paddr=00040020 vaddr=42000020 size=97e38h (622136) map[0m
[0;32mI (258) esp_image: segment 4: paddr=000d7e60 vaddr=4037cc30 size=0a510h ( 42256) load[0m
[0;32mI (276) boot: Loaded app from partition at offset 0x10000[0m
[0;32mI (276) boot: Disabling RNG early entropy source...[0m
[0;32mI (287) cpu_start: Multicore app[0m
[0;32mI (288) cpu_start: Pro cpu up.[0m
[0;32mI (288) cpu_start: Starting app cpu, entry point is 0x40375504[0m
[0;32mI (0) cpu_start: App cpu up.[0m
[0;32mI (306) cpu_start: Pro cpu start user code[0m
[0;32mI (306) cpu_start: cpu freq: 160000000 Hz[0m
[0;32mI (306) cpu_start: Application information:[0m
[0;32mI (309) cpu_start: Project name:     RR_OS[0m
[0;32mI (314) cpu_start: App version:      9ac8a6f-dirty[0m
[0;32mI (319) cpu_start: Compile time:     Apr  6 2026 20:24:50[0m
[0;32mI (325) cpu_start: ELF file SHA256:  c6d9a296c680c41d...[0m
[0;32mI (331) cpu_start: ESP-IDF:          v5.1.2-dirty[0m
[0;32mI (337) cpu_start: Min chip rev:     v0.0[0m
[0;32mI (341) cpu_start: Max chip rev:     v0.99 [0m
[0;32mI (346) cpu_start: Chip rev:         v0.2[0m
[0;32mI (351) heap_init: Initializing. RAM available for dynamic allocation:[0m
[0;32mI (358) heap_init: At 3FCA2A78 len 00046C98 (283 KiB): DRAM[0m
[0;32mI (364) heap_init: At 3FCE9710 len 00005724 (21 KiB): STACK/DRAM[0m
[0;32mI (371) heap_init: At 3FCF0000 len 00008000 (32 KiB): DRAM[0m
[0;32mI (377) heap_init: At 600FE010 len 00001FD8 (7 KiB): RTCRAM[0m
[0;32mI (384) spi_flash: detected chip: gd[0m
[0;32mI (388) spi_flash: flash io: dio[0m
[0;33mW (392) spi_flash: Detected size(8192k) larger than the size in the binary image header(4096k). Using the size in the binary image header.[0m
[0;32mI (405) sleep: Configure to isolate all GPIO pins in sleep state[0m
[0;32mI (412) sleep: Enable automatic switching of GPIO sleep configuration[0m
[0;32mI (419) app_start: Starting scheduler on CPU0[0m
[0;32mI (424) app_start: Starting scheduler on CPU1[0m
[0;32mI (424) main_task: Started on CPU0[0m
[0;32mI (434) main_task: Calling app_main()[0m
[0;32mI (434) MAIN: Starting app_main[0m
[0;32mI (554) wifi_station_netif: ESP_WIFI_MODE_STA[0m
ESP_ERROR_CHECK failed: esp_err_t 0x103 (ESP_ERR_INVALID_STATE) at 0x4200c366
file: "./components/micro_ros_espidf_component/network_interfaces/uros_wlan_netif.c" line 66
func: wifi_init_sta
expression: esp_event_loop_create_default()

abort() was called at PC 0x4037bf17 on core 0


Backtrace: 0x40375a4e:0x3fca6700 0x4037bf21:0x3fca6720 0x40383186:0x3fca6740 0x4037bf17:0x3fca67b0 0x4200c366:0x3fca67e0 0x4200c6bb:0x3fca69a0 0x4200a770:0x3fca69c0 0x4200a438:0x3fca69f0 0x42097507:0x3fca6a10 0x4037e9ad:0x3fca6a40




ELF file SHA256: c6d9a296c680c41d

Rebooting...
ESP-ROM:esp32s3-20210327
Build:Mar 27 2021
rst:0x3 (RTC_SW_SYS_RST),boot:0x8 (SPI_FAST_FLASH_BOOT)
Saved PC:0x403758d0
SPIWP:0xee
mode:DIO, clock div:1
load:0x3fce3818,len:0x1758
load:0x403c9700,len:0x4
load:0x403c9704,len:0xc00
load:0x403cc700,len:0x2e04
entry 0x403c9908
[0;32mI (26) boot: ESP-IDF v5.1.2-dirty 2nd stage bootloader[0m
[0;32mI (26) boot: compile time Apr  6 2026 13:24:17[0m
[0;32mI (26) boot: Multicore bootloader[0m
[0;32mI (30) boot: chip revision: v0.2[0m
[0;32mI (33) boot.esp32s3: Boot SPI Speed : 80MHz[0m
[0;32mI (38) boot.esp32s3: SPI Mode       : DIO[0m
[0;32mI (43) boot.esp32s3: SPI Flash Size : 4MB[0m
[0;32mI (48) boot: Enabling RNG early entropy source...[0m
[0;32mI (53) boot: Partition Table:[0m
[0;32mI (57) boot: ## Label            Usage          Type ST Offset   Length[0m
[0;32mI (64) boot:  0 nvs              WiFi data        01 02 00009000 00006000[0m
[0;32mI (71) boot:  1 phy_init         RF data          01 01 0000f000 00001000[0m
[0;32mI (79) boot:  2 factory          factory app      00 00 00010000 00100000[0m
[0;32mI (86) boot:  3 storage          Unknown data     01 82 00110000 00100000[0m
[0;32mI (94) boot: End of partition table[0m
[0;32mI (98) esp_image: segment 0: paddr=00010020 vaddr=3c0a0020 size=22d7ch (142716) map[0m
[0;32mI (132) esp_image: segment 1: paddr=00032da4 vaddr=3fc97200 size=0463ch ( 17980) load[0m
[0;32mI (136) esp_image: segment 2: paddr=000373e8 vaddr=40374000 size=08c30h ( 35888) load[0m
[0;32mI (146) esp_image: segment 3: paddr=00040020 vaddr=42000020 size=97e38h (622136) map[0m
[0;32mI (258) esp_image: segment 4: paddr=000d7e60 vaddr=4037cc30 size=0a510h ( 42256) load[0m
[0;32mI (276) boot: Loaded app from partition at offset 0x10000[0m
[0;32mI (276) boot: Disabling RNG early entropy source...[0m
[0;32mI (288) cpu_start: Multicore app[0m
[0;32mI (288) cpu_start: Pro cpu up.[0m
[0;32mI (288) cpu_start: Starting app cpu, entry point is 0x40375504[0m
[0;32mI (0) cpu_start: App cpu up.[0m
[0;32mI (306) cpu_start: Pro cpu start user code[0m
[0;32mI (306) cpu_start: cpu freq: 160000000 Hz[0m
[0;32mI (306) cpu_start: Application information:[0m
[0;32mI (309) cpu_start: Project name:     RR_OS[0m
[0;32mI (314) cpu_start: App version:      9ac8a6f-dirty[0m
[0;32mI (319) cpu_start: Compile time:     Apr  6 2026 20:24:50[0m
[0;32mI (325) cpu_start: ELF file SHA256:  c6d9a296c680c41d...[0m
[0;32mI (331) cpu_start: ESP-IDF:          v5.1.2-dirty[0m
[0;32mI (337) cpu_start: Min chip rev:     v0.0[0m
[0;32mI (341) cpu_start: Max chip rev:     v0.99 [0m
[0;32mI (346) cpu_start: Chip rev:         v0.2[0m
[0;32mI (351) heap_init: Initializing. RAM available for dynamic allocation:[0m
[0;32mI (358) heap_init: At 3FCA2A78 len 00046C98 (283 KiB): DRAM[0m
[0;32mI (364) heap_init: At 3FCE9710 len 00005724 (21 KiB): STACK/DRAM[0m
[0;32mI (371) heap_init: At 3FCF0000 len 00008000 (32 KiB): DRAM[0m
[0;32mI (377) heap_init: At 600FE010 len 00001FD8 (7 KiB): RTCRAM[0m
[0;32mI (385) spi_flash: detected chip: gd[0m
[0;32mI (388) spi_flash: flash io: dio[0m
[0;33mW (392) spi_flash: Detected size(8192k) larger than the size in the binary image header(4096k). Using the size in the binary image header.[0m
[0;32mI (406) sleep: Configure to isolate all GPIO pins in sleep state[0m
[0;32mI (412) sleep: Enable automatic switching of GPIO sleep configuration[0m
[0;32mI (419) app_start: Starting scheduler on CPU0[0m
[0;32mI (424) app_start: Starting scheduler on CPU1[0m
[0;32mI (424) main_task: Started on CPU0[0m
[0;32mI (434) main_task: Calling app_main()[0m
[0;32mI (434) MAIN: Starting app_main[0m
[0;32mI (554) wifi_station_netif: ESP_WIFI_MODE_STA[0m
ESP_ERROR_CHECK failed: esp_err_t 0x103 (ESP_ERR_INVALID_STATE) at 0x4200c366
file: "./components/micro_ros_espidf_component/network_interfaces/uros_wlan_netif.c" line 66
func: wifi_init_sta
expression: esp_event_loop_create_default()

abort() was called at PC 0x4037bf17 on core 0


Backtrace: 0x40375a4e:0x3fca6700 0x4037bf21:0x3fca6720 0x40383186:0x3fca6740 0x4037bf17:0x3fca67b0 0x4200c366:0x3fca67e0 0x4200c6bb:0x3fca69a0 0x4200a770:0x3fca69c0 0x4200a438:0x3fca69f0 0x42097507:0x3fca6a10 0x4037e9ad:0x3fca6a40




ELF file SHA256: c6d9a296c680c41d

Rebooting...
ESP-ROM:esp32s3-20210327
Build:Mar 27 2021
rst:0x3 (RTC_SW_SYS_RST),boot:0x8 (SPI_FAST_FLASH_BOOT)
Saved PC:0x403758d0
SPIWP:0xee
mode:DIO, clock div:1
load:0x3fce3818,len:0x1758
load:0x403c9700,len:0x4
load:0x403c9704,len:0xc00
load:0x403cc700,len:0x2e04
entry 0x403c9908
[0;32mI (26) boot: ESP-IDF v5.1.2-dirty 2nd stage bootloader[0m
[0;32mI (26) boot: compile time Apr  6 2026 13:24:17[0m
[0;32mI (26) boot: Multicore bootloader[0m
[0;32mI (30) boot: chip revision: v0.2[0m
[0;32mI (33) boot.esp32s3: Boot SPI Speed : 80MHz[0m
[0;32mI (38) boot.esp32s3: SPI Mode       : DIO[0m
[0;32mI (43) boot.esp32s3: SPI Flash Size : 4MB[0m
[0;32mI (48) boot: Enabling RNG early entropy source...[0m
[0;32mI (53) boot: Partition Table:[0m
[0;32mI (57) boot: ## Label            Usage          Type ST Offset   Length[0m
[0;32mI (64) boot:  0 nvs              WiFi data        01 02 00009000 00006000[0m
[0;32mI (71) boot:  1 phy_init         RF data          01 01 0000f000 00001000[0m
[0;32mI (79) boot:  2 factory          factory app      00 00 00010000 00100000[0m
[0;32mI (86) boot:  3 storage          Unknown data     01 82 00110000 00100000[0m
[0;32mI (94) boot: End of partition table[0m
[0;32mI (98) esp_image: segment 0: paddr=00010020 vaddr=3c0a0020 size=22d7ch (142716) map[0m
[0;32mI (132) esp_image: segment 1: paddr=00032da4 vaddr=3fc97200 size=0463ch ( 17980) load[0m
[0;32mI (136) esp_image: segment 2: paddr=000373e8 vaddr=40374000 size=08c30h ( 35888) load[0m
[0;32mI (146) esp_image: segment 3: paddr=00040020 vaddr=42000020 size=97e38h (622136) map[0m
[0;32mI (258) esp_image: segment 4: paddr=000d7e60 vaddr=4037cc30 size=0a510h ( 42256) load[0m
[0;32mI (276) boot: Loaded app from partition at offset 0x10000[0m
[0;32mI (276) boot: Disabling RNG early entropy source...[0m
[0;32mI (287) cpu_start: Multicore app[0m
[0;32mI (288) cpu_start: Pro cpu up.[0m
[0;32mI (288) cpu_start: Starting app cpu, entry point is 0x40375504[0m
[0;32mI (0) cpu_start: App cpu up.[0m
[0;32mI (306) cpu_start: Pro cpu start user code[0m
[0;32mI (306) cpu_start: cpu freq: 160000000 Hz[0m
[0;32mI (306) cpu_start: Application information:[0m
[0;32mI (309) cpu_start: Project name:     RR_OS[0m
[0;32mI (314) cpu_start: App version:      9ac8a6f-dirty[0m
[0;32mI (319) cpu_start: Compile time:     Apr  6 2026 20:24:50[0m
[0;32mI (325) cpu_start: ELF file SHA256:  c6d9a296c680c41d...[0m
[0;32mI (331) cpu_start: ESP-IDF:          v5.1.2-dirty[0m
[0;32mI (337) cpu_start: Min chip rev:     v0.0[0m
[0;32mI (341) cpu_start: Max chip rev:     v0.99 [0m
[0;32mI (346) cpu_start: Chip rev:         v0.2[0m
[0;32mI (351) heap_init: Initializing. RAM available for dynamic allocation:[0m
[0;32mI (358) heap_init: At 3FCA2A78 len 00046C98 (283 KiB): DRAM[0m
[0;32mI (364) heap_init: At 3FCE9710 len 00005724 (21 KiB): STACK/DRAM[0m
[0;32mI (371) heap_init: At 3FCF0000 len 00008000 (32 KiB): DRAM[0m
[0;32mI (377) heap_init: At 600FE010 len 00001FD8 (7 KiB): RTCRAM[0m
[0;32mI (384) spi_flash: detected chip: gd[0m
[0;32mI (388) spi_flash: flash io: dio[0m
[0;33mW (392) spi_flash: Detected size(8192k) larger than the size in the binary image header(4096k). Using the size in the binary image header.[0m
[0;32mI (405) sleep: Configure to isolate all GPIO pins in sleep state[0m
[0;32mI (412) sleep: Enable automatic switching of GPIO sleep configuration[0m
[0;32mI (419) app_start: Starting scheduler on CPU0[0m
[0;32mI (424) app_start: Starting scheduler on CPU1[0m
[0;32mI (424) main_task: Started on CPU0[0m
[0;32mI (434) main_task: Calling app_main()[0m
[0;32mI (434) MAIN: Starting app_main[0m
[0;32mI (554) wifi_station_netif: ESP_WIFI_MODE_STA[0m
ESP_ERROR_CHECK failed: esp_err_t 0x103 (ESP_ERR_INVALID_STATE) at 0x4200c366
file: "./components/micro_ros_espidf_component/network_interfaces/uros_wlan_netif.c" line 66
func: wifi_init_sta
expression: esp_event_loop_create_default()

abort() was called at PC 0x4037bf17 on core 0


Backtrace: 0x40375a4e:0x3fca6700 0x4037bf21:0x3fca6720 0x40383186:0x3fca6740 0x4037bf17:0x3fca67b0 0x4200c366:0x3fca67e0 0x4200c6bb:0x3fca69a0 0x4200a770:0x3fca69c0 0x4200a438:0x3fca69f0 0x42097507:0x3fca6a10 0x4037e9ad:0x3fca6a40




ELF file SHA256: c6d9a296c680c41d

Rebooting...
ESP-ROM:esp32s3-20210327
Build:Mar 27 2021
rst:0x3 (RTC_SW_SYS_RST),boot:0x8 (SPI_FAST_FLASH_BOOT)
Saved PC:0x403758d0
SPIWP:0xee
mode:DIO, clock div:1
load:0x3fce3818,len:0x1758
load:0x403c9700,len:0x4
load:0x403c9704,len:0xc00
load:0x403cc700,len:0x2e04
entry 0x403c9908
[0;32mI (26) boot: ESP-IDF v5.1.2-dirty 2nd stage bootloader[0m
[0;32mI (26) boot: compile time Apr  6 2026 13:24:17[0m
[0;32mI (26) boot: Multicore bootloader[0m
[0;32mI (30) boot: chip revision: v0.2[0m
[0;32mI (33) boot.esp32s3: Boot SPI Speed : 80MHz[0m
[0;32mI (38) boot.esp32s3: SPI Mode       : DIO[0m
[0;32mI (43) boot.esp32s3: SPI Flash Size : 4MB[0m
[0;32mI (48) boot: Enabling RNG early entropy source...[0m
[0;32mI (53) boot: Partition Table:[0m
[0;32mI (57) boot: ## Label            Usage          Type ST Offset   Length[0m
[0;32mI (64) boot:  0 nvs              WiFi data        01 02 00009000 00006000[0m
[0;32mI (71) boot:  1 phy_init         RF data          01 01 0000f000 00001000[0m
[0;32mI (79) boot:  2 factory          factory app      00 00 00010000 00100000[0m
[0;32mI (86) boot:  3 storage          Unknown data     01 82 00110000 00100000[0m
[0;32mI (94) boot: End of partition table[0m
[0;32mI (98) esp_image: segment 0: paddr=00010020 vaddr=3c0a0020 size=22d7ch (142716) map[0m
[0;32mI (132) esp_image: segment 1: paddr=00032da4 vaddr=3fc97200 size=0463ch ( 17980) load[0m
[0;32mI (136) esp_image: segment 2: paddr=000373e8 vaddr=40374000 size=08c30h ( 35888) load[0m
[0;32mI (146) esp_image: segment 3: paddr=00040020 vaddr=42000020 size=97e38h (622136) map[0m
[0;32mI (258) esp_image: segment 4: paddr=000d7e60 vaddr=4037cc30 size=0a510h ( 42256) load[0m
[0;32mI (276) boot: Loaded app from partition at offset 0x10000[0m
[0;32mI (276) boot: Disabling RNG early entropy source...[0m
[0;32mI (287) cpu_start: Multicore app[0m
[0;32mI (288) cpu_start: Pro cpu up.[0m
[0;32mI (288) cpu_start: Starting app cpu, entry point is 0x40375504[0m
[0;32mI (0) cpu_start: App cpu up.[0m
[0;32mI (306) cpu_start: Pro cpu start user code[0m
[0;32mI (306) cpu_start: cpu freq: 160000000 Hz[0m
[0;32mI (306) cpu_start: Application information:[0m
[0;32mI (309) cpu_start: Project name:     RR_OS[0m
[0;32mI (314) cpu_start: App version:      9ac8a6f-dirty[0m
[0;32mI (319) cpu_start: Compile time:     Apr  6 2026 20:24:50[0m
[0;32mI (325) cpu_start: ELF file SHA256:  c6d9a296c680c41d...[0m
[0;32mI (331) cpu_start: ESP-IDF:          v5.1.2-dirty[0m
[0;32mI (337) cpu_start: Min chip rev:     v0.0[0m
[0;32mI (341) cpu_start: Max chip rev:     v0.99 [0m
[0;32mI (346) cpu_start: Chip rev:         v0.2[0m
[0;32mI (351) heap_init: Initializing. RAM available for dynamic allocation:[0m
[0;32mI (358) heap_init: At 3FCA2A78 len 00046C98 (283 KiB): DRAM[0m
[0;32mI (364) heap_init: At 3FCE9710 len 00005724 (21 KiB): STACK/DRAM[0m
[0;32mI (371) heap_init: At 3FCF0000 len 00008000 (32 KiB): DRAM[0m
[0;32mI (377) heap_init: At 600FE010 len 00001FD8 (7 KiB): RTCRAM[0m
[0;32mI (384) spi_flash: detected chip: gd[0m
[0;32mI (388) spi_flash: flash io: dio[0m
[0;33mW (392) spi_flash: Detected size(8192k) larger than the size in the binary image header(4096k). Using the size in the binary image header.[0m
[0;32mI (405) sleep: Configure to isolate all GPIO pins in sleep state[0m
[0;32mI (412) sleep: Enable automatic switching of GPIO sleep configuration[0m
[0;32mI (419) app_start: Starting scheduler on CPU0[0m
[0;32mI (424) app_start: Starting scheduler on CPU1[0m
[0;32mI (424) main_task: Started on CPU0[0m
[0;32mI (434) main_task: Calling app_main()[0m
[0;32mI (434) MAIN: Starting app_main[0m
[0;32mI (554) wifi_station_netif: ESP_WIFI_MODE_STA[0m
ESP_ERROR_CHECK failed: esp_err_t 0x103 (ESP_ERR_INVALID_STATE) at 0x4200c366
file: "./components/micro_ros_espidf_component/network_interfaces/uros_wlan_netif.c" line 66
func: wifi_init_sta
expression: esp_event_loop_create_default()

abort() was called at PC 0x4037bf17 on core 0


Backtrace: 0x40375a4e:0x3fca6700 0x4037bf21:0x3fca6720 0x40383186:0x3fca6740 0x4037bf17:0x3fca67b0 0x4200c366:0x3fca67e0 0x4200c6bb:0x3fca69a0 0x4200a770:0x3fca69c0 0x4200a438:0x3fca69f0 0x42097507:0x3fca6a10 0x4037e9ad:0x3fca6a40




ELF file SHA256: c6d9a296c680c41d

Rebooting...
ESP-ROM:esp32s3-20210327
Build:Mar 27 2021
rst:0x3 (RTC_SW_SYS_RST),boot:0x8 (SPI_FAST_FLASH_BOOT)
Saved PC:0x403758d0
SPIWP:0xee
mode:DIO, clock div:1
load:0x3fce3818,len:0x1758
load:0x403c9700,len:0x4
load:0x403c9704,len:0xc00
load:0x403cc700,len:0x2e04
entry 0x403c9908
[0;32mI (26) boot: ESP-IDF v5.1.2-dirty 2nd stage bootloader[0m
[0;32mI (26) boot: compile time Apr  6 2026 13:24:17[0m
[0;32mI (26) boot: Multicore bootloader[0m
[0;32mI (30) boot: chip revision: v0.2[0m
[0;32mI (33) boot.esp32s3: Boot SPI Speed : 80MHz[0m
[0;32mI (38) boot.esp32s3: SPI Mode       : DIO[0m
[0;32mI (43) boot.esp32s3: SPI Flash Size : 4MB[0m
[0;32mI (48) boot: Enabling RNG early entropy source...[0m
[0;32mI (53) boot: Partition Table:[0m
[0;32mI (57) boot: ## Label            Usage          Type ST Offset   Length[0m
[0;32mI (64) boot:  0 nvs              WiFi data        01 02 00009000 00006000[0m
[0;32mI (71) boot:  1 phy_init         RF data          01 01 0000f000 00001000[0m
[0;32mI (79) boot:  2 factory          factory app      00 00 00010000 00100000[0m
[0;32mI (86) boot:  3 storage          Unknown data     01 82 00110000 00100000[0m
[0;32mI (94) boot: End of partition table[0m
[0;32mI (98) esp_image: segment 0: paddr=00010020 vaddr=3c0a0020 size=22d7ch (142716) map[0m
[0;32mI (132) esp_image: segment 1: paddr=00032da4 vaddr=3fc97200 size=0463ch ( 17980) load[0m
[0;32mI (136) esp_image: segment 2: paddr=000373e8 vaddr=40374000 size=08c30h ( 35888) load[0m
[0;32mI (146) esp_image: segment 3: paddr=00040020 vaddr=42000020 size=97e38h (622136) map[0m
[0;32mI (258) esp_image: segment 4: paddr=000d7e60 vaddr=4037cc30 size=0a510h ( 42256) load[0m
[0;32mI (276) boot: Loaded app from partition at offset 0x10000[0m
[0;32mI (276) boot: Disabling RNG early entropy source...[0m
[0;32mI (288) cpu_start: Multicore app[0m
[0;32mI (288) cpu_start: Pro cpu up.[0m
[0;32mI (288) cpu_start: Starting app cpu, entry point is 0x40375504[0m
[0;32mI (0) cpu_start: App cpu up.[0m
[0;32mI (306) cpu_start: Pro cpu start user code[0m
[0;32mI (306) cpu_start: cpu freq: 160000000 Hz[0m
[0;32mI (306) cpu_start: Application information:[0m
[0;32mI (309) cpu_start: Project name:     RR_OS[0m
[0;32mI (314) cpu_start: App version:      9ac8a6f-dirty[0m
[0;32mI (319) cpu_start: Compile time:     Apr  6 2026 20:24:50[0m
[0;32mI (325) cpu_start: ELF file SHA256:  c6d9a296c680c41d...[0m
[0;32mI (331) cpu_start: ESP-IDF:          v5.1.2-dirty[0m
[0;32mI (337) cpu_start: Min chip rev:     v0.0[0m
[0;32mI (341) cpu_start: Max chip rev:     v0.99 [0m
[0;32mI (346) cpu_start: Chip rev:         v0.2[0m
[0;32mI (351) heap_init: Initializing. RAM available for dynamic allocation:[0m
[0;32mI (358) heap_init: At 3FCA2A78 len 00046C98 (283 KiB): DRAM[0m
[0;32mI (364) heap_init: At 3FCE9710 len 00005724 (21 KiB): STACK/DRAM[0m
[0;32mI (371) heap_init: At 3FCF0000 len 00008000 (32 KiB): DRAM[0m
[0;32mI (377) heap_init: At 600FE010 len 00001FD8 (7 KiB): RTCRAM[0m
[0;32mI (385) spi_flash: detected chip: gd[0m
[0;32mI (388) spi_flash: flash io: dio[0m
[0;33mW (392) spi_flash: Detected size(8192k) larger than the size in the binary image header(4096k). Using the size in the binary image header.[0m
[0;32mI (406) sleep: Configure to isolate all GPIO pins in sleep state[0m
[0;32mI (412) sleep: Enable automatic switching of GPIO sleep configuration[0m
[0;32mI (419) app_start: Starting scheduler on CPU0[0m
[0;32mI (424) app_start: Starting scheduler on CPU1[0m
[0;32mI (424) main_task: Started on CPU0[0m
[0;32mI (434) main_task: Calling app_main()[0m
[0;32mI (434) MAIN: Starting app_main[0m
[0m
[0;32mI (151) esp_image: segment 3: paddr=00040020 vaddr=42000020 size=97e38h (622136) map[0m
[0;32mI (263) esp_image: segment 4: paddr=000d7e60 vaddr=4037cc30 size=0a510h ( 42256) load[0m
[0;32mI (281) boot: Loaded app from partition at offset 0x10000[0m
[0;32mI (281) boot: Disabling RNG early entropy source...[0m
[0;32mI (293) cpu_start: Multicore app[0m
[0;32mI (293) cpu_start: Pro cpu up.[0m
[0;32mI (293) cpu_start: Starting app cpu, entry point is 0x40375504[0m
[0;32mI (0) cpu_start: App cpu up.[0m
[0;32mI (311) cpu_start: Pro cpu start user code[0m
[0;32mI (311) cpu_start: cpu freq: 160000000 Hz[0m
[0;32mI (311) cpu_start: Application information:[0m
[0;32mI (314) cpu_start: Project name:     RR_OS[0m
[0;32mI (319) cpu_start: App version:      9ac8a6f-dirty[0m
[0;32mI (324) cpu_start: Compile time:     Apr  6 2026 20:24:50[0m
[0;32mI (331) cpu_start: ELF file SHA256:  c6d9a296c680c41d...[0m
[0;32mI (336) cpu_start: ESP-IDF:          v5.1.2-dirty[0m
[0;32mI (342) cpu_start: Min chip rev:     v0.0[0m
[0;32mI (347) cpu_start: Max chip rev:     v0.99 [0m
[0;32mI (351) cpu_start: Chip rev:         v0.2[0m
[0;32mI (356) heap_init: Initializing. RAM available for dynamic allocation:[0m
[0;32mI (363) heap_init: At 3FCA2A78 len 00046C98 (283 KiB): DRAM[0m
[0;32mI (370) heap_init: At 3FCE9710 len 00005724 (21 KiB): STACK/DRAM[0m
[0;32mI (376) heap_init: At 3FCF0000 len 00008000 (32 KiB): DRAM[0m
[0;32mI (382) heap_init: At 600FE010 len 00001FD8 (7 KiB): RTCRAM[0m
[0;32mI (390) spi_flash: detected chip: gd[0m
[0;32mI (393) spi_flash: flash io: dio[0m
[0;33mW (397) spi_flash: Detected size(8192k) larger than the size in the binary image header(4096k). Using the size in the binary image header.[0m
[0;32mI (411) sleep: Configure to isolate all GPIO pins in sleep state[0m
[0;32mI (417) sleep: Enable automatic switching of GPIO sleep configuration[0m
[0;32mI (424) app_start: Starting scheduler on CPU0[0m
[0;32mI (429) app_start: Starting scheduler on CPU1[0m
[0;32mI (429) main_task: Started on CPU0[0m
[0;32mI (439) main_task: Calling app_main()[0m
[0;32mI (439) MAIN: Starting app_main[0m
[0;32mI (559) wifi_station_netif: ESP_WIFI_MODE_STA[0m
ESP_ERROR_CHECK failed: esp_err_t 0x103 (ESP_ERR_INVALID_STATE) at 0x4200c366
file: "./components/micro_ros_espidf_component/network_interfaces/uros_wlan_netif.c" line 66
func: wifi_init_sta
expression: esp_event_loop_create_default()

abort() was called at PC 0x4037bf17 on core 0


Backtrace: 0x40375a4e:0x3fca6700 0x4037bf21:0x3fca6720 0x40383186:0x3fca6740 0x4037bf17:0x3fca67b0 0x4200c366:0x3fca67e0 0x4200c6bb:0x3fca69a0 0x4200a770:0x3fca69c0 0x4200a438:0x3fca69f0 0x42097507:0x3fca6a10 0x4037e9ad:0x3fca6a40




ELF file SHA256: c6d9a296c680c41d

Rebooting...
ESP-ROM:esp32s3-20210327
Build:Mar 27 2021
rst:0x3 (RTC_SW_SYS_RST),boot:0x8 (SPI_FAST_FLASH_BOOT)
Saved PC:0x403758d0
SPIWP:0xee
mode:DIO, clock div:1
load:0x3fce3818,len:0x1758
load:0x403c9700,len:0x4
load:0x403c9704,len:0xc00
load:0x403cc700,len:0x2e04
entry 0x403c9908
[0;32mI (26) boot: ESP-IDF v5.1.2-dirty 2nd stage bootloader[0m
[0;32mI (26) boot: compile time Apr  6 2026 13:24:17[0m
[0;32mI (26) boot: Multicore bootloader[0m
[0;32mI (30) boot: chip revision: v0.2[0m
[0;32mI (33) boot.esp32s3: Boot SPI Speed : 80MHz[0m
[0;32mI (38) boot.esp32s3: SPI Mode       : DIO[0m
[0;32mI (43) boot.esp32s3: SPI Flash Size : 4MB[0m
[0;32mI (48) boot: Enabling RNG early entropy source...[0m
[0;32mI (53) boot: Partition Table:[0m
[0;32mI (57) boot: ## Label            Usage          Type ST Offset   Length[0m
[0;32mI (64) boot:  0 nvs              WiFi data        01 02 00009000 00006000[0m
[0;32mI (71) boot:  1 phy_init         RF data          01 01 0000f000 00001000[0m
[0;32mI (79) boot:  2 factory          factory app      00 00 00010000 00100000[0m
[0;32mI (86) boot:  3 storage          Unknown data     01 82 00110000 00100000[0m
[0;32mI (94) boot: End of partition table[0m
[0;32mI (98) esp_image: segment 0: paddr=00010020 vaddr=3c0a0020 size=22d7ch (142716) map[0m
[0;32mI (132) esp_image: segment 1: paddr=00032da4 vaddr=3fc97200 size=0463ch ( 17980) load[0m
[0;32mI (136) esp_image: segment 2: paddr=000373e8 vaddr=40374000 size=08c30h ( 35888) load[0m
[0;32mI (146) esp_image: segment 3: paddr=00040020 vaddr=42000020 size=97e38h (622136) map[0m
[0;32mI (258) esp_image: segment 4: paddr=000d7e60 vaddr=4037cc30 size=0a510h ( 42256) load[0m
[0;32mI (276) boot: Loaded app from partition at offset 0x10000[0m
[0;32mI (276) boot: Disabling RNG early entropy source...[0m
[0;32mI (287) cpu_start: Multicore app[0m
[0;32mI (288) cpu_start: Pro cpu up.[0m
[0;32mI (288) cpu_start: Starting app cpu, entry point is 0x40375504[0m
[0;32mI (0) cpu_start: App cpu up.[0m
[0;32mI (306) cpu_start: Pro cpu start user code[0m
[0;32mI (306) cpu_start: cpu freq: 160000000 Hz[0m
[0;32mI (306) cpu_start: Application information:[0m
[0;32mI (309) cpu_start: Project name:     RR_OS[0m
[0;32mI (314) cpu_start: App version:      9ac8a6f-dirty[0m
[0;32mI (319) cpu_start: Compile time:     Apr  6 2026 20:24:50[0m
[0;32mI (325) cpu_start: ELF file SHA256:  c6d9a296c680c41d...[0m
[0;32mI (331) cpu_start: ESP-IDF:          v5.1.2-dirty[0m
[0;32mI (337) cpu_start: Min chip rev:     v0.0[0m
[0;32mI (341) cpu_start: Max chip rev:     v0.99 [0m
[0;32mI (346) cpu_start: Chip rev:         v0.2[0m
[0;32mI (351) heap_init: Initializing. RAM available for dynamic allocation:[0m
[0;32mI (358) heap_init: At 3FCA2A78 len 00046C98 (283 KiB): DRAM[0m
[0;32mI (364) heap_init: At 3FCE9710 len 00005724 (21 KiB): STACK/DRAM[0m
[0;32mI (371) heap_init: At 3FCF0000 len 00008000 (32 KiB): DRAM[0m
[0;32mI (377) heap_init: At 600FE010 len 00001FD8 (7 KiB): RTCRAM[0m
[0;32mI (384) spi_flash: detected chip: gd[0m
[0;32mI (388) spi_flash: flash io: dio[0m
[0;33mW (392) spi_flash: Detected size(8192k) larger than the size in the binary image header(4096k). Using the size in the binary image header.[0m
[0;32mI (405) sleep: Configure to isolate all GPIO pins in sleep state[0m
[0;32mI (412) sleep: Enable automatic switching of GPIO sleep configuration[0m
[0;32mI (419) app_start: Starting scheduler on CPU0[0m
[0;32mI (424) app_start: Starting scheduler on CPU1[0m
[0;32mI (424) main_task: Started on CPU0[0m
[0;32mI (434) main_task: Calling app_main()[0m
[0;32mI (434) MAIN: Starting app_main[0m
[0;32mI (554) wifi_station_netif: ESP_WIFI_MODE_STA[0m
ESP_ERROR_CHECK failed: esp_err_t 0x103 (ESP_ERR_INVALID_STATE) at 0x4200c366
file: "./components/micro_ros_espidf_component/network_interfaces/uros_wlan_netif.c" line 66
func: wifi_init_sta
expression: esp_event_loop_create_default()

abort() was called at PC 0x4037bf17 on core 0


Backtrace: 0x40375a4e:0x3fca6700 0x4037bf21:0x3fca6720 0x40383186:0x3fca6740 0x4037bf17:0x3fca67b0 0x4200c366:0x3fca67e0 0x4200c6bb:0x3fca69a0 0x4200a770:0x3fca69c0 0x4200a438:0x3fca69f0 0x42097507:0x3fca6a10 0x4037e9ad:0x3fca6a40




ELF file SHA256: c6d9a296c680c41d

Rebooting...
ESP-ROM:esp32s3-20210327
Build:Mar 27 2021
rst:0x3 (RTC_SW_SYS_RST),boot:0x8 (SPI_FAST_FLASH_BOOT)
Saved PC:0x403758d0
SPIWP:0xee
mode:DIO, clock div:1
load:0x3fce3818,len:0x1758
load:0x403c9700,len:0x4
load:0x403c9704,len:0xc00
load:0x403cc700,len:0x2e04
entry 0x403c9908
[0;32mI (26) boot: ESP-IDF v5.1.2-dirty 2nd stage bootloader[0m
[0;32mI (26) boot: compile time Apr  6 2026 13:24:17[0m
[0;32mI (26) boot: Multicore bootloader[0m
[0;32mI (30) boot: chip revision: v0.2[0m
[0;32mI (33) boot.esp32s3: Boot SPI Speed : 80MHz[0m
[0;32mI (38) boot.esp32s3: SPI Mode       : DIO[0m
[0;32mI (43) boot.esp32s3: SPI Flash Size : 4MB[0m
[0;32mI (48) boot: Enabling RNG early entropy source...[0m
[0;32mI (53) boot: Partition Table:[0m
[0;32mI (57) boot: ## Label            Usage          Type ST Offset   Length[0m
[0;32mI (64) boot:  0 nvs              WiFi data        01 02 00009000 00006000[0m
[0;32mI (71) boot:  1 phy_init         RF data          01 01 0000f000 00001000[0m
[0;32mI (79) boot:  2 factory          factory app      00 00 00010000 00100000[0m
[0;32mI (86) boot:  3 storage          Unknown data     01 82 00110000 00100000[0m
[0;32mI (94) boot: End of partition table[0m
[0;32mI (98) esp_image: segment 0: paddr=00010020 vaddr=3c0a0020 size=22d7ch (142716) map[0m
[0;32mI (132) esp_image: segment 1: paddr=00032da4 vaddr=3fc97200 size=0463ch ( 17980) load[0m
[0;32mI (136) esp_image: segment 2: paddr=000373e8 vaddr=40374000 size=08c30h ( 35888) load[0m
[0;32mI (146) esp_image: segment 3: paddr=00040020 vaddr=42000020 size=97e38h (622136) map[0m
[0;32mI (258) esp_image: segment 4: paddr=000d7e60 vaddr=4037cc30 size=0a510h ( 42256) load[0m
[0;32mI (276) boot: Loaded app from partition at offset 0x10000[0m
[0;32mI (276) boot: Disabling RNG early entropy source...[0m
[0;32mI (287) cpu_start: Multicore app[0m
[0;32mI (288) cpu_start: Pro cpu up.[0m
[0;32mI (288) cpu_start: Starting app cpu, entry point is 0x40375504[0m
[0;32mI (0) cpu_start: App cpu up.[0m
[0;32mI (306) cpu_start: Pro cpu start user code[0m
[0;32mI (306) cpu_start: cpu freq: 160000000 Hz[0m
[0;32mI (306) cpu_start: Application information:[0m
[0;32mI (309) cpu_start: Project name:     RR_OS[0m
[0;32mI (314) cpu_start: App version:      9ac8a6f-dirty[0m
[0;32mI (319) cpu_start: Compile time:     Apr  6 2026 20:24:50[0m
[0;32mI (325) cpu_start: ELF file SHA256:  c6d9a296c680c41d...[0m
[0;32mI (331) cpu_start: ESP-IDF:          v5.1.2-dirty[0m
[0;32mI (337) cpu_start: Min chip rev:     v0.0[0m
[0;32mI (341) cpu_start: Max chip rev:     v0.99 [0m
[0;32mI (346) cpu_start: Chip rev:         v0.2[0m
[0;32mI (351) heap_init: Initializing. RAM available for dynamic allocation:[0m
[0;32mI (358) heap_init: At 3FCA2A78 len 00046C98 (283 KiB): DRAM[0m
[0;32mI (364) heap_init: At 3FCE9710 len 00005724 (21 KiB): STACK/DRAM[0m
[0;32mI (371) heap_init: At 3FCF0000 len 00008000 (32 KiB): DRAM[0m
[0;32mI (377) heap_init: At 600FE010 len 00001FD8 (7 KiB): RTCRAM[0m
[0;32mI (384) spi_flash: detected chip: gd[0m
[0;32mI (388) spi_flash: flash io: dio[0m
[0;33mW (392) spi_flash: Detected size(8192k) larger than the size in the binary image header(4096k). Using the size in the binary image header.[0m
[0;32mI (405) sleep: Configure to isolate all GPIO pins in sleep state[0m
[0;32mI (412) sleep: Enable automatic switching of GPIO sleep configuration[0m
[0;32mI (419) app_start: Starting scheduler on CPU0[0m
[0;32mI (424) app_start: Starting scheduler on CPU1[0m
[0;32mI (424) main_task: Started on CPU0[0m
[0;32mI (434) main_task: Calling app_main()[0m
[0;32mI (434) MAIN: Starting app_main[0m
[0;32mI (554) wifi_station_netif: ESP_WIFI_MODE_STA[0m
ESP_ERROR_CHECK failed: esp_err_t 0x103 (ESP_ERR_INVALID_STATE) at 0x4200c366
file: "./components/micro_ros_espidf_component/network_interfaces/uros_wlan_netif.c" line 66
func: wifi_init_sta
expression: esp_event_loop_create_default()

abort() was called at PC 0x4037bf17 on core 0


Backtrace: 0x40375a4e:0x3fca6700 0x4037bf21:0x3fca6720 0x40383186:0x3fca6740 0x4037bf17:0x3fca67b0 0x4200c366:0x3fca67e0 0x4200c6bb:0x3fca69a0 0x4200a770:0x3fca69c0 0x4200a438:0x3fca69f0 0x42097507:0x3fca6a10 0x4037e9ad:0x3fca6a40




ELF file SHA256: c6d9a296c680c41d

Rebooting...
ESP-ROM:esp32s3-20210327
Build:Mar 27 2021
rst:0x3 (RTC_SW_SYS_RST),boot:0x8 (SPI_FAST_FLASH_BOOT)
Saved PC:0x403758d0
SPIWP:0xee
mode:DIO, clock div:1
load:0x3fce3818,len:0x1758
load:0x403c9700,len:0x4
load:0x403c9704,len:0xc00
load:0x403cc700,len:0x2e04
entry 0x403c9908
[0;32mI (26) boot: ESP-IDF v5.1.2-dirty 2nd stage bootloader[0m
[0;32mI (26) boot: compile time Apr  6 2026 13:24:17[0m
[0;32mI (26) boot: Multicore bootloader[0m
[0;32mI (30) boot: chip revision: v0.2[0m
[0;32mI (33) boot.esp32s3: Boot SPI Speed : 80MHz[0m
[0;32mI (38) boot.esp32s3: SPI Mode       : DIO[0m
[0;32mI (43) boot.esp32s3: SPI Flash Size : 4MB[0m
[0;32mI (48) boot: Enabling RNG early entropy source...[0m
[0;32mI (53) boot: Partition Table:[0m
[0;32mI (57) boot: ## Label            Usage          Type ST Offset   Length[0m
[0;32mI (64) boot:  0 nvs              WiFi data        01 02 00009000 00006000[0m
[0;32mI (71) boot:  1 phy_init         RF data          01 01 0000f000 00001000[0m
[0;32mI (79) boot:  2 factory          factory app      00 00 00010000 00100000[0m
[0;32mI (86) boot:  3 storage          Unknown data     01 82 00110000 00100000[0m
[0;32mI (94) boot: End of partition table[0m
[0;32mI (98) esp_image: segment 0: paddr=00010020 vaddr=3c0a0020 size=22d7ch (142716) map[0m
[0;32mI (132) esp_image: segment 1: paddr=00032da4 vaddr=3fc97200 size=0463ch ( 17980) load[0m
[0;32mI (136) esp_image: segment 2: paddr=000373e8 vaddr=40374000 size=08c30h ( 35888) load[0m
[0;32mI (146) esp_image: segment 3: paddr=00040020 vaddr=42000020 size=97e38h (622136) map[0m
[0;32mI (258) esp_image: segment 4: paddr=000d7e60 vaddr=4037cc30 size=0a510h ( 42256) load[0m
[0;32mI (276) boot: Loaded app from partition at offset 0x10000[0m
[0;32mI (276) boot: Disabling RNG early entropy source...[0m
[0;32mI (287) cpu_start: Multicore app[0m
[0;32mI (288) cpu_start: Pro cpu up.[0m
[0;32mI (288) cpu_start: Starting app cpu, entry point is 0x40375504[0m
[0;32mI (0) cpu_start: App cpu up.[0m
[0;32mI (306) cpu_start: Pro cpu start user code[0m
[0;32mI (306) cpu_start: cpu freq: 160000000 Hz[0m
[0;32mI (306) cpu_start: Application information:[0m
[0;32mI (309) cpu_start: Project name:     RR_OS[0m
[0;32mI (314) cpu_start: App version:      9ac8a6f-dirty[0m
[0;32mI (319) cpu_start: Compile time:     Apr  6 2026 20:24:50[0m
[0;32mI (325) cpu_start: ELF file SHA256:  c6d9a296c680c41d...[0m
[0;32mI (331) cpu_start: ESP-IDF:          v5.1.2-dirty[0m
[0;32mI (337) cpu_start: Min chip rev:     v0.0[0m
[0;32mI (341) cpu_start: Max chip rev:     v0.99 [0m
[0;32mI (346) cpu_start: Chip rev:         v0.2[0m
[0;32mI (351) heap_init: Initializing. RAM available for dynamic allocation:[0m
[0;32mI (358) heap_init: At 3FCA2A78 len 00046C98 (283 KiB): DRAM[0m
[0;32mI (364) heap_init: At 3FCE9710 len 00005724 (21 KiB): STACK/DRAM[0m
[0;32mI (371) heap_init: At 3FCF0000 len 00008000 (32 KiB): DRAM[0m
[0;32mI (377) heap_init: At 600FE010 len 00001FD8 (7 KiB): RTCRAM[0m
[0;32mI (384) spi_flash: detected chip: gd[0m
[0;32mI (388) spi_flash: flash io: dio[0m
[0;33mW (392) spi_flash: Detected size(8192k) larger than the size in the binary image header(4096k). Using the size in the binary image header.[0m
[0;32mI (405) sleep: Configure to isolate all GPIO pins in sleep state[0m
[0;32mI (412) sleep: Enable automatic switching of GPIO sleep configuration[0m
[0;32mI (419) app_start: Starting scheduler on CPU0[0m
[0;32mI (424) app_start: Starting scheduler on CPU1[0m
[0;32mI (424) main_task: Started on CPU0[0m
[0;32mI (434) main_task: Calling app_main()[0m
[0;32mI (434) MAIN: Starting app_main[0m
[0;32mI (554) wifi_station_netif: ESP_WIFI_MODE_STA[0m
ESP_ERROR_CHECK failed: esp_err_t 0x103 (ESP_ERR_INVALID_STATE) at 0x4200c366
file: "./components/micro_ros_espidf_component/network_interfaces/uros_wlan_netif.c" line 66
func: wifi_init_sta
expression: esp_event_loop_create_default()

abort() was called at PC 0x4037bf17 on core 0


Backtrace: 0x40375a4e:0x3fca6700 0x4037bf21:0x3fca6720 0x40383186:0x3fca6740 0x4037bf17:0x3fca67b0 0x4200c366:0x3fca67e0 0x4200c6bb:0x3fca69a0 0x4200a770:0x3fca69c0 0x4200a438:0x3fca69f0 0x42097507:0x3fca6a10 0x4037e9ad:0x3fca6a40




ELF file SHA256: c6d9a296c680c41d

Rebooting...
ESP-ROM:esp32s3-20210327
Build:Mar 27 2021
rst:0x3 (RTC_SW_SYS_RST),boot:0x8 (SPI_FAST_FLASH_BOOT)
Saved PC:0x403758d0
SPIWP:0xee
mode:DIO, clock div:1
load:0x3fce3818,len:0x1758
load:0x403c9700,len:0x4
load:0x403c9704,len:0xc00
load:0x403cc700,len:0x2e04
entry 0x403c9908
[0;32mI (26) boot: ESP-IDF v5.1.2-dirty 2nd stage bootloader[0m
[0;32mI (26) boot: compile time Apr  6 2026 13:24:17[0m
[0;32mI (26) boot: Multicore bootloader[0m
[0;32mI (30) boot: chip revision: v0.2[0m
[0;32mI (33) boot.esp32s3: Boot SPI Speed : 80MHz[0m
[0;32mI (38) boot.esp32s3: SPI Mode       : DIO[0m
[0;32mI (43) boot.esp32s3: SPI Flash Size : 4MB[0m
[0;32mI (48) boot: Enabling RNG early entropy source...[0m
[0;32mI (53) boot: Partition Table:[0m
[0;32mI (57) boot: ## Label            Usage          Type ST Offset   Length[0m
[0;32mI (64) boot:  0 nvs              WiFi data        01 02 00009000 00006000[0m
[0;32mI (71) boot:  1 phy_init         RF data          01 01 0000f000 00001000[0m
[0;32mI (79) boot:  2 factory          factory app      00 00 00010000 00100000[0m
[0;32mI (86) boot:  3 storage          Unknown data     01 82 00110000 00100000[0m
[0;32mI (94) boot: End of partition table[0m
[0;32mI (98) esp_image: segment 0: paddr=00010020 vaddr=3c0a0020 size=22d7ch (142716) map[0m
[0;32mI (132) esp_image: segment 1: paddr=00032da4 vaddr=3fc97200 size=0463ch ( 17980) load[0m
[0;32mI (136) esp_image: segment 2: paddr=000373e8 vaddr=40374000 size=08c30h ( 35888) load[0m
[0;32mI (146) esp_image: segment 3: paddr=00040020 vaddr=42000020 size=97e38h (622136) map[0m
[0;32mI (258) esp_image: segment 4: paddr=000d7e60 vaddr=4037cc30 size=0a510h ( 42256) load[0m
[0;32mI (276) boot: Loaded app from partition at offset 0x10000[0m
[0;32mI (276) boot: Disabling RNG early entropy source...[0m
[0;32mI (287) cpu_start: Multicore app[0m
[0;32mI (288) cpu_start: Pro cpu up.[0m
[0;32mI (288) cpu_start: Starting app cpu, entry point is 0x40375504[0m
[0;32mI (0) cpu_start: App cpu up.[0m
[0;32mI (306) cpu_start: Pro cpu start user code[0m
[0;32mI (306) cpu_start: cpu freq: 160000000 Hz[0m
[0;32mI (306) cpu_start: Application information:[0m
[0;32mI (309) cpu_start: Project name:     RR_OS[0m
[0;32mI (314) cpu_start: App version:      9ac8a6f-dirty[0m
[0;32mI (319) cpu_start: Compile time:     Apr  6 2026 20:24:50[0m
[0;32mI (325) cpu_start: ELF file SHA256:  c6d9a296c680c41d...[0m
[0;32mI (331) cpu_start: ESP-IDF:          v5.1.2-dirty[0m
[0;32mI (337) cpu_start: Min chip rev:     v0.0[0m
[0;32mI (341) cpu_start: Max chip rev:     v0.99 [0m
[0;32mI (346) cpu_start: Chip rev:         v0.2[0m
[0;32mI (351) heap_init: Initializing. RAM available for dynamic allocation:[0m
[0;32mI (358) heap_init: At 3FCA2A78 len 00046C98 (283 KiB): DRAM[0m
[0;32mI (364) heap_init: At 3FCE9710 len 00005724 (21 KiB): STACK/DRAM[0m
[0;32mI (371) heap_init: At 3FCF0000 len 00008000 (32 KiB): DRAM[0m
[0;32mI (377) heap_init: At 600FE010 len 00001FD8 (7 KiB): RTCRAM[0m
[0;32mI (384) spi_flash: detected chip: gd[0m
[0;32mI (388) spi_flash: flash io: dio[0m
[0;33mW (392) spi_flash: Detected size(8192k) larger than the size in the binary image header(4096k). Using the size in the binary image header.[0m
[0;32mI (405) sleep: Configure to isolate all GPIO pins in sleep state[0m
[0;32mI (412) sleep: Enable automatic switching of GPIO sleep configuration[0m
[0;32mI (419) app_start: Starting scheduler on CPU0[0m
[0;32mI (424) app_start: Starting scheduler on CPU1[0m
[0;32mI (424) main_task: Started on CPU0[0m
[0;32mI (434) main_task: Calling app_main()[0m
[0;32mI (434) MAIN: Starting app_main[0m
[0;32mI (554) wifi_station_netif: ESP_WIFI_MODE_STA[0m
ESP_ERROR_CHECK failed: esp_err_t 0x103 (ESP_ERR_INVALID_STATE) at 0x4200c366
file: "./components/micro_ros_espidf_component/network_interfaces/uros_wlan_netif.c" line 66
func: wifi_init_sta
expression: esp_event_loop_create_default()

abort() was called at PC 0x4037bf17 on core 0


Backtrace: 0x40375a4e:0x3fca6700 0x4037bf21:0x3fca6720 0x40383186:0x3fca6740 0x4037bf17:0x3fca67b0 0x4200c366:0x3fca67e0 0x4200c6bb:0x3fca69a0 0x4200a770:0x3fca69c0 0x4200a438:0x3fca69f0 0x42097507:0x3fca6a10 0x4037e9ad:0x3fca6a40




ELF file SHA256: c6d9a296c680c41d

Rebooting...
ESP-ROM:esp32s3-20210327
Build:Mar 27 2021
rst:0x3 (RTC_SW_SYS_RST),boot:0x8 (SPI_FAST_FLASH_BOOT)
Saved PC:0x403758d0
SPIWP:0xee
mode:DIO, clock div:1
load:0x3fce3818,len:0x1758
load:0x403c9700,len:0x4
load:0x403c9704,len:0xc00
load:0x403cc700,len:0x2e04
entry 0x403c9908
[0;32mI (26) boot: ESP-IDF v5.1.2-dirty 2nd stage bootloader[0m
[0;32mI (26) boot: compile time Apr  6 2026 13:24:17[0m
[0;32mI (26) boot: Multicore bootloader[0m
[0;32mI (30) boot: chip revision: v0.2[0m
[0;32mI (33) boot.esp32s3: Boot SPI Speed : 80MHz[0m
[0;32mI (38) boot.esp32s3: SPI Mode       : DIO[0m
[0;32mI (43) boot.esp32s3: SPI Flash Size : 4MB[0m
[0;32mI (48) boot: Enabling RNG early entropy source...[0m
[0;32mI (53) boot: Partition Table:[0m
[0;32mI (57) boot: ## Label            Usage          Type ST Offset   Length[0m
[0;32mI (64) boot:  0 nvs              WiFi data        01 02 00009000 00006000[0m
[0;32mI (71) boot:  1 phy_init         RF data          01 01 0000f000 00001000[0m
[0;32mI (79) boot:  2 factory          factory app      00 00 00010000 00100000[0m
[0;32mI (86) boot:  3 storage          Unknown data     01 82 00110000 00100000[0m
[0;32mI (94) boot: End of partition table[0m
[0;32mI (98) esp_image: segment 0: paddr=00010020 vaddr=3c0a0020 size=22d7ch (142716) map[0m
[0;32mI (132) esp_image: segment 1: paddr=00032da4 vaddr=3fc97200 size=0463ch ( 17980) load[0m
[0;32mI (136) esp_image: segment 2: paddr=000373e8 vaddr=40374000 size=08c30h ( 35888) load[0m
[0;32mI (146) esp_image: segment 3: paddr=00040020 vaddr=42000020 size=97e38h (622136) map[0m
[0;32mI (258) esp_image: segment 4: paddr=000d7e60 vaddr=4037cc30 size=0a510h ( 42256) load[0m
[0;32mI (276) boot: Loaded app from partition at offset 0x10000[0m
[0;32mI (276) boot: Disabling RNG early entropy source...[0m
[0;32mI (287) cpu_start: Multicore app[0m
[0;32mI (288) cpu_start: Pro cpu up.[0m
[0;32mI (288) cpu_start: Starting app cpu, entry point is 0x40375504[0m
[0;32mI (0) cpu_start: App cpu up.[0m
[0;32mI (306) cpu_start: Pro cpu start user code[0m
[0;32mI (306) cpu_start: cpu freq: 160000000 Hz[0m
[0;32mI (306) cpu_start: Application information:[0m
[0;32mI (309) cpu_start: Project name:     RR_OS[0m
[0;32mI (314) cpu_start: App version:      9ac8a6f-dirty[0m
[0;32mI (319) cpu_start: Compile time:     Apr  6 2026 20:24:50[0m
[0;32mI (325) cpu_start: ELF file SHA256:  c6d9a296c680c41d...[0m
[0;32mI (331) cpu_start: ESP-IDF:          v5.1.2-dirty[0m
[0;32mI (337) cpu_start: Min chip rev:     v0.0[0m
[0;32mI (341) cpu_start: Max chip rev:     v0.99 [0m
[0;32mI (346) cpu_start: Chip rev:         v0.2[0m
[0;32mI (351) heap_init: Initializing. RAM available for dynamic allocation:[0m
[0;32mI (358) heap_init: At 3FCA2A78 len 00046C98 (283 KiB): DRAM[0m
[0;32mI (364) heap_init: At 3FCE9710 len 00005724 (21 KiB): STACK/DRAM[0m
[0;32mI (371) heap_init: At 3FCF0000 len 00008000 (32 KiB): DRAM[0m
[0;32mI (377) heap_init: At 600FE010 len 00001FD8 (7 KiB): RTCRAM[0m
[0;32mI (384) spi_flash: detected chip: gd[0m
[0;32mI (388) spi_flash: flash io: dio[0m
[0;33mW (392) spi_flash: Detected size(8192k) larger than the size in the binary image header(4096k). Using the size in the binary image header.[0m
[0;32mI (405) sleep: Configure to isolate all GPIO pins in sleep state[0m
[0;32mI (412) sleep: Enable automatic switching of GPIO sleep configuration[0m
[0;32mI (419) app_start: Starting scheduler on CPU0[0m
[0;32mI (424) app_start: Starting scheduler on CPU1[0m
[0;32mI (424) main_task: Started on CPU0[0m
[0;32mI (434) main_task: Calling app_main()[0m
[0;32mI (434) MAIN: Starting app_main[0m
[0;32mI (554) wifi_station_netif: ESP_WIFI_MODE_STA[0m
ESP_ERROR_CHECK failed: esp_err_t 0x103 (ESP_ERR_INVALID_STATE) at 0x4200c366
file: "./components/micro_ros_espidf_component/network_interfaces/uros_wlan_netif.c" line 66
func: wifi_init_sta
expression: esp_event_loop_create_default()

abort() was called at PC 0x4037bf17 on core 0


Backtrace: 0x40375a4e:0x3fca6700 0x4037bf21:0x3fca6720 0x40383186:0x3fca6740 0x4037bf17:0x3fca67b0 0x4200c366:0x3fca67e0 0x4200c6bb:0x3fca69a0 0x4200a770:0x3fca69c0 0x4200a438:0x3fca69f0 0x42097507:0x3fca6a10 0x4037e9ad:0x3fca6a40




ELF file SHA256: c6d9a296c680c41d

Rebooting...
ESP-ROM:esp32s3-20210327
Build:Mar 27 2021
rst:0x3 (RTC_SW_SYS_RST),boot:0x8 (SPI_FAST_FLASH_BOOT)
Saved PC:0x403758d0
SPIWP:0xee
mode:DIO, clock div:1
load:0x3fce3818,len:0x1758
load:0x403c9700,len:0x4
load:0x403c9704,len:0xc00
load:0x403cc700,len:0x2e04
entry 0x403c9908
[0;32mI (26) boot: ESP-IDF v5.1.2-dirty 2nd stage bootloader[0m
[0;32mI (26) boot: compile time Apr  6 2026 13:24:17[0m
[0;32mI (26) boot: Multicore bootloader[0m
[0;32mI (30) boot: chip revision: v0.2[0m
[0;32mI (33) boot.esp32s3: Boot SPI Speed : 80MHz[0m
[0;32mI (38) boot.esp32s3: SPI Mode       : DIO[0m
[0;32mI (43) boot.esp32s3: SPI Flash Size : 4MB[0m
[0;32mI (48) boot: Enabling RNG early entropy source...[0m
[0;32mI (53) boot: Partition Table:[0m
[0;32mI (57) boot: ## Label            Usage          Type ST Offset   Length[0m
[0;32mI (64) boot:  0 nvs              WiFi data        01 02 00009000 00006000[0m
[0;32mI (71) boot:  1 phy_init         RF data          01 01 0000f000 00001000[0m
[0;32mI (79) boot:  2 factory          factory app      00 00 00010000 00100000[0m
[0;32mI (86) boot:  3 storage          Unknown data     01 82 00110000 00100000[0m
[0;32mI (94) boot: End of partition table[0m
[0;32mI (98) esp_image: segment 0: paddr=00010020 vaddr=3c0a0020 size=22d7ch (142716) map[0m
[0;32mI (132) esp_image: segment 1: paddr=00032da4 vaddr=3fc97200 size=0463ch ( 17980) load[0m
[0;32mI (136) esp_image: segment 2: paddr=000373e8 vaddr=40374000 size=08c30h ( 35888) load[0m
[0;32mI (146) esp_image: segment 3: paddr=00040020 vaddr=42000020 size=97e38h (622136) map[0m
[0;32mI (258) esp_image: segment 4: paddr=000d7e60 vaddr=4037cc30 size=0a510h ( 42256) load[0m
[0;32mI (276) boot: Loaded app from partition at offset 0x10000[0m
[0;32mI (276) boot: Disabling RNG early entropy source...[0m
[0;32mI (288) cpu_start: Multicore app[0m
[0;32mI (288) cpu_start: Pro cpu up.[0m
[0;32mI (288) cpu_start: Starting app cpu, entry point is 0x40375504[0m
[0;32mI (0) cpu_start: App cpu up.[0m
[0;32mI (306) cpu_start: Pro cpu start user code[0m
[0;32mI (306) cpu_start: cpu freq: 160000000 Hz[0m
[0;32mI (306) cpu_start: Application information:[0m
[0;32mI (309) cpu_start: Project name:     RR_OS[0m
[0;32mI (314) cpu_start: App version:      9ac8a6f-dirty[0m
[0;32mI (319) cpu_start: Compile time:     Apr  6 2026 20:24:50[0m
[0;32mI (325) cpu_start: ELF file SHA256:  c6d9a296c680c41d...[0m
[0;32mI (331) cpu_start: ESP-IDF:          v5.1.2-dirty[0m
[0;32mI (337) cpu_start: Min chip rev:     v0.0[0m
[0;32mI (341) cpu_start: Max chip rev:     v0.99 [0m
[0;32mI (346) cpu_start: Chip rev:         v0.2[0m
[0;32mI (351) heap_init: Initializing. RAM available for dynamic allocation:[0m
[0;32mI (358) heap_init: At 3FCA2A78 len 00046C98 (283 KiB): DRAM[0m
[0;32mI (364) heap_init: At 3FCE9710 len 00005724 (21 KiB): STACK/DRAM[0m
[0;32mI (371) heap_init: At 3FCF0000 len 00008000 (32 KiB): DRAM[0m
[0;32mI (377) heap_init: At 600FE010 len 00001FD8 (7 KiB): RTCRAM[0m
[0;32mI (385) spi_flash: detected chip: gd[0m
[0;32mI (388) spi_flash: flash io: dio[0m
[0;33mW (392) spi_flash: Detected size(8192k) larger than the size in the binary image header(4096k). Using the size in the binary image header.[0m
[0;32mI (406) sleep: Configure to isolate all GPIO pins in sleep state[0m
[0;32mI (412) sleep: Enable automatic switching of GPIO sleep configuration[0m
[0;32mI (419) app_start: Starting scheduler on CPU0[0m
[0;32mI (424) app_start: Starting scheduler on CPU1[0m
[0;32mI (424) main_task: Started on CPU0[0m
[0;32mI (434) main_task: Calling app_main()[0m
[0;32mI (434) MAIN: Starting app_main[0m
[0;32mI (554) wifi_station_netif: ESP_WIFI_MODE_STA[0m
ESP_ERROR_CHECK failed: esp_err_t 0x103 (ESP_ERR_INVALID_STATE) at 0x4200c366
file: "./components/micro_ros_espidf_component/network_interfaces/uros_wlan_netif.c" line 66
func: wifi_init_sta
expression: esp_event_loop_create_default()

abort() was called at PC 0x4037bf17 on core 0


Backtrace: 0x40375a4e:0x3fca6700 0x4037bf21:0x3fca6720 0x40383186:0x3fca6740 0x4037bf17:0x3fca67b0 0x4200c366:0x3fca67e0 0x4200c6bb:0x3fca69a0 0x4200a770:0x3fca69c0 0x4200a438:0x3fca69f0 0x42097507:0x3fca6a10 0x4037e9ad:0x3fca6a40




ELF file SHA256: c6d9a296c680c41d

Rebooting...
ESP-ROM:esp32s3-20210327
Build:Mar 27 2021
rst:0x3 (RTC_SW_SYS_RST),boot:0x8 (SPI_FAST_FLASH_BOOT)
Saved PC:0x403758d0
SPIWP:0xee
mode:DIO, clock div:1
load:0x3fce3818,len:0x1758
load:0x403c9700,len:0x4
load:0x403c9704,len:0xc00
load:0x403cc700,len:0x2e04
entry 0x403c9908
[0;32mI (26) boot: ESP-IDF v5.1.2-dirty 2nd stage bootloader[0m
[0;32mI (26) boot: compile time Apr  6 2026 13:24:17[0m
[0;32mI (26) boot: Multicore bootloader[0m
[0;32mI (30) boot: chip revision: v0.2[0m
[0;32mI (33) boot.esp32s3: Boot SPI Speed : 80MHz[0m
[0;32mI (38) boot.esp32s3: SPI Mode       : DIO[0m
[0;32mI (43) boot.esp32s3: SPI Flash Size : 4MB[0m
[0;32mI (48) boot: Enabling RNG early entropy source...[0m
[0;32mI (53) boot: Partition Table:[0m
[0;32mI (57) boot: ## Label            Usage          Type ST Offset   Length[0m
[0;32mI (64) boot:  0 nvs              WiFi data        01 02 00009000 00006000[0m
[0;32mI (71) boot:  1 phy_init         RF data          01 01 0000f000 00001000[0m
[0;32mI (79) boot:  2 factory          factory app      00 00 00010000 00100000[0m
[0;32mI (86) boot:  3 storage          Unknown data     01 82 00110000 00100000[0m
[0;32mI (94) boot: End of partition table[0m
[0;32mI (98) esp_image: segment 0: paddr=00010020 vaddr=3c0a0020 size=22d7ch (142716) map[0m
[0;32mI (132) esp_image: segment 1: paddr=00032da4 vaddr=3fc97200 size=0463ch ( 17980) load[0m
[0;32mI (136) esp_image: segment 2: paddr=000373e8 vaddr=40374000 size=08c30h ( 35888) load[0m
[0;32mI (146) esp_image: segment 3: paddr=00040020 vaddr=42000020 size=97e38h (622136) map[0m
[0;32mI (258) esp_image: segment 4: paddr=000d7e60 vaddr=4037cc30 size=0a510h ( 42256) load[0m
[0;32mI (276) boot: Loaded app from partition at offset 0x10000[0m
[0;32mI (276) boot: Disabling RNG early entropy source...[0m
[0;32mI (287) cpu_start: Multicore app[0m
[0;32mI (288) cpu_start: Pro cpu up.[0m
[0;32mI (288) cpu_start: Starting app cpu, entry point is 0x40375504[0m
[0;32mI (0) cpu_start: App cpu up.[0m
[0;32mI (306) cpu_start: Pro cpu start user code[0m
[0;32mI (306) cpu_start: cpu freq: 160000000 Hz[0m
[0;32mI (306) cpu_start: Application information:[0m
[0;32mI (309) cpu_start: Project name:     RR_OS[0m
[0;32mI (314) cpu_start: App version:      9ac8a6f-dirty[0m
[0;32mI (319) cpu_start: Compile time:     Apr  6 2026 20:24:50[0m
[0;32mI (325) cpu_start: ELF file SHA256:  c6d9a296c680c41d...[0m
[0;32mI (331) cpu_start: ESP-IDF:          v5.1.2-dirty[0m
[0;32mI (337) cpu_start: Min chip rev:     v0.0[0m
[0;32mI (341) cpu_start: Max chip rev:     v0.99 [0m
[0;32mI (346) cpu_start: Chip rev:         v0.2[0m
[0;32mI (351) heap_init: Initializing. RAM available for dynamic allocation:[0m
[0;32mI (358) heap_init: At 3FCA2A78 len 00046C98 (283 KiB): DRAM[0m
[0;32mI (364) heap_init: At 3FCE9710 len 00005724 (21 KiB): STACK/DRAM[0m
[0;32mI (371) heap_init: At 3FCF0000 len 00008000 (32 KiB): DRAM[0m
[0;32mI (377) heap_init: At 600FE010 len 00001FD8 (7 KiB): RTCRAM[0m
[0;32mI (384) spi_flash: detected chip: gd[0m
[0;32mI (388) spi_flash: flash io: dio[0m
[0;33mW (392) spi_flash: Detected size(8192k) larger than the size in the binary image header(4096k). Using the size in the binary image header.[0m
[0;32mI (405) sleep: Configure to isolate all GPIO pins in sleep state[0m
[0;32mI (412) sleep: Enable automatic switching of GPIO sleep configuration[0m
[0;32mI (419) app_start: Starting scheduler on CPU0[0m
[0;32mI (424) app_start: Starting scheduler on CPU1[0m
[0;32mI (424) main_task: Started on CPU0[0m
[0;32mI (434) main_task: Calling app_main()[0m
[0;32mI (434) MAIN: Starting app_main[0m
[0;32mI (554) wifi_station_netif: ESP_WIFI_MODE_STA[0m
ESP_ERROR_CHECK failed: esp_err_t 0x103 (ESP_ERR_INVALID_STATE) at 0x4200c366
file: "./components/micro_ros_espidf_component/network_interfaces/uros_wlan_netif.c" line 66
func: wifi_init_sta
expression: esp_event_loop_create_default()

abort() was called at PC 0x4037bf17 on core 0


Backtrace: 0x40375a4e:0x3fca6700 0x4037bf21:0x3fca6720 0x40383186:0x3fca6740 0x4037bf17:0x3fca67b0 0x4200c366:0x3fca67e0 0x4200c6bb:0x3fca69a0 0x4200a770:0x3fca69c0 0x4200a438:0x3fca69f0 0x42097507:0x3fca6a10 0x4037e9ad:0x3fca6a40




ELF file SHA256: c6d9a296c680c41d

Rebooting...
ESP-ROM:esp32s3-20210327
Build:Mar 27 2021
rst:0x3 (RTC_SW_SYS_RST),boot:0x8 (SPI_FAST_FLASH_BOOT)
Saved PC:0x403758d0
SPIWP:0xee
mode:DIO, clock div:1
load:0x3fce3818,len:0x1758
load:0x403c9700,len:0x4
load:0x403c9704,len:0xc00
load:0x403cc700,len:0x2e04
entry 0x403c9908
[0;32mI (26) boot: ESP-IDF v5.1.2-dirty 2nd stage bootloader[0m
[0;32mI (26) boot: compile time Apr  6 2026 13:24:17[0m
[0;32mI (26) boot: Multicore bootloader[0m
[0;32mI (30) boot: chip revision: v0.2[0m
[0;32mI (33) boot.esp32s3: Boot SPI Speed : 80MHz[0m
[0;32mI (38) boot.esp32s3: SPI Mode       : DIO[0m
[0;32mI (43) boot.esp32s3: SPI Flash Size : 4MB[0m
[0;32mI (48) boot: Enabling RNG early entropy source...[0m
[0;32mI (53) boot: Partition Table:[0m
[0;32mI (57) boot: ## Label            Usage          Type ST Offset   Length[0m
[0;32mI (64) boot:  0 nvs              WiFi data        01 02 00009000 00006000[0m
[0;32mI (71) boot:  1 phy_init         RF data          01 01 0000f000 00001000[0m
[0;32mI (79) boot:  2 factory          factory app      00 00 00010000 00100000[0m
[0;32mI (86) boot:  3 storage          Unknown data     01 82 00110000 00100000[0m
[0;32mI (94) boot: End of partition table[0m
[0;32mI (98) esp_image: segment 0: paddr=00010020 vaddr=3c0a0020 size=22d7ch (142716) map[0m
[0;32mI (132) esp_image: segment 1: paddr=00032da4 vaddr=3fc97200 size=0463ch ( 17980) load[0m
[0;32mI (136) esp_image: segment 2: paddr=000373e8 vaddr=40374000 size=08c30h ( 35888) load[0m
[0;32mI (146) esp_image: segment 3: paddr=00040020 vaddr=42000020 size=97e38h (622136) map[0m
[0;32mI (258) esp_image: segment 4: paddr=000d7e60 vaddr=4037cc30 size=0a510h ( 42256) load[0m
[0;32mI (276) boot: Loaded app from partition at offset 0x10000[0m
[0;32mI (276) boot: Disabling RNG early entropy source...[0m
[0;32mI (287) cpu_start: Multicore app[0m
[0;32mI (288) cpu_start: Pro cpu up.[0m
[0;32mI (288) cpu_start: Starting app cpu, entry point is 0x40375504[0m
[0;32mI (0) cpu_start: App cpu up.[0m
[0;32mI (306) cpu_start: Pro cpu start user code[0m
[0;32mI (306) cpu_start: cpu freq: 160000000 Hz[0m
[0;32mI (306) cpu_start: Application information:[0m
[0;32mI (309) cpu_start: Project name:     RR_OS[0m
[0;32mI (314) cpu_start: App version:      9ac8a6f-dirty[0m
[0;32mI (319) cpu_start: Compile time:     Apr  6 2026 20:24:50[0m
[0;32mI (325) cpu_start: ELF file SHA256:  c6d9a296c680c41d...[0m
[0;32mI (331) cpu_start: ESP-IDF:          v5.1.2-dirty[0m
[0;32mI (337) cpu_start: Min chip rev:     v0.0[0m
[0;32mI (341) cpu_start: Max chip rev:     v0.99 [0m
[0;32mI (346) cpu_start: Chip rev:         v0.2[0m
[0;32mI (351) heap_init: Initializing. RAM available for dynamic allocation:[0m
[0;32mI (358) heap_init: At 3FCA2A78 len 00046C98 (283 KiB): DRAM[0m
[0;32mI (364) heap_init: At 3FCE9710 len 00005724 (21 KiB): STACK/DRAM[0m
[0;32mI (371) heap_init: At 3FCF0000 len 00008000 (32 KiB): DRAM[0m
[0;32mI (377) heap_init: At 600FE010 len 00001FD8 (7 KiB): RTCRAM[0m
[0;32mI (384) spi_flash: detected chip: gd[0m
[0;32mI (388) spi_flash: flash io: dio[0m
[0;33mW (392) spi_flash: Detected size(8192k) larger than the size in the binary image header(4096k). Using the size in the binary image header.[0m
[0;32mI (405) sleep: Configure to isolate all GPIO pins in sleep state[0m
[0;32mI (412) sleep: Enable automatic switching of GPIO sleep configuration[0m
[0;32mI (419) app_start: Starting scheduler on CPU0[0m
[0;32mI (424) app_start: Starting scheduler on CPU1[0m
[0;32mI (424) main_task: Started on CPU0[0m
[0;32mI (434) main_task: Calling app_main()[0m
[0;32mI (434) MAIN: Starting app_main[0m
[0;32mI (554) wifi_station_netif: ESP_WIFI_MODE_STA[0m
ESP_ERROR_CHECK failed: esp_err_t 0x103 (ESP_ERR_INVALID_STATE) at 0x4200c366
file: "./components/micro_ros_espidf_component/network_interfaces/uros_wlan_netif.c" line 66
func: wifi_init_sta
expression: esp_event_loop_create_default()

abort() was called at PC 0x4037bf17 on core 0


Backtrace: 0x40375a4e:0x3fca6700 0x4037bf21:0x3fca6720 0x40383186:0x3fca6740 0x4037bf17:0x3fca67b0 0x4200c366:0x3fca67e0 0x4200c6bb:0x3fca69a0 0x4200a770:0x3fca69c0 0x4200a438:0x3fca69f0 0x42097507:0x3fca6a10 0x4037e9ad:0x3fca6a40




ELF file SHA256: c6d9a296c680c41d

Rebooting...
ESP-ROM:esp32s3-20210327
Build:Mar 27 2021
rst:0x3 (RTC_SW_SYS_RST),boot:0x8 (SPI_FAST_FLASH_BOOT)
Saved PC:0x403758d0
SPIWP:0xee
mode:DIO, clock div:1
load:0x3fce3818,len:0x1758
load:0x403c9700,len:0x4
load:0x403c9704,len:0xc00
load:0x403cc700,len:0x2e04
entry 0x403c9908
[0;32mI (26) boot: ESP-IDF v5.1.2-dirty 2nd stage bootloader[0m
[0;32mI (26) boot: compile time Apr  6 2026 13:24:17[0m
[0;32mI (26) boot: Multicore bootloader[0m
[0;32mI (30) boot: chip revision: v0.2[0m
[0;32mI (33) boot.esp32s3: Boot SPI Speed : 80MHz[0m
[0;32mI (38) boot.esp32s3: SPI Mode       : DIO[0m
[0;32mI (43) boot.esp32s3: SPI Flash Size : 4MB[0m
[0;32mI (48) boot: Enabling RNG early entropy source...[0m
[0;32mI (53) boot: Partition Table:[0m
[0;32mI (57) boot: ## Label            Usage          Type ST Offset   Length[0m
[0;32mI (64) boot:  0 nvs              WiFi data        01 02 00009000 00006000[0m
[0;32mI (71) boot:  1 phy_init         RF data          01 01 0000f000 00001000[0m
[0;32mI (79) boot:  2 factory          factory app      00 00 00010000 00100000[0m
[0;32mI (86) boot:  3 storage          Unknown data     01 82 00110000 00100000[0m
[0;32mI (94) boot: End of partition table[0m
[0;32mI (98) esp_image: segment 0: paddr=00010020 vaddr=3c0a0020 size=22d7ch (142716) map[0m
[0;32mI (132) esp_image: segment 1: paddr=00032da4 vaddr=3fc97200 size=0463ch ( 17980) load[0m
[0;32mI (136) esp_image: segment 2: paddr=000373e8 vaddr=40374000 size=08c30h ( 35888) load[0m
[0;32mI (146) esp_image: segment 3: paddr=00040020 vaddr=42000020 size=97e38h (622136) map[0m
[0;32mI (258) esp_image: segment 4: paddr=000d7e60 vaddr=4037cc30 size=0a510h ( 42256) load[0m
[0;32mI (276) boot: Loaded app from partition at offset 0x10000[0m
[0;32mI (276) boot: Disabling RNG early entropy source...[0m
[0;32mI (288) cpu_start: Multicore app[0m
[0;32mI (288) cpu_start: Pro cpu up.[0m
[0;32mI (288) cpu_start: Starting app cpu, entry point is 0x40375504[0m
[0;32mI (0) cpu_start: App cpu up.[0m
[0;32mI (306) cpu_start: Pro cpu start user code[0m
[0;32mI (306) cpu_start: cpu freq: 160000000 Hz[0m
[0;32mI (306) cpu_start: Application information:[0m
[0;32mI (309) cpu_start: Project name:     RR_OS[0m
[0;32mI (314) cpu_start: App version:      9ac8a6f-dirty[0m
[0;32mI (319) cpu_start: Compile time:     Apr  6 2026 20:24:50[0m
[0;32mI (325) cpu_start: ELF file SHA256:  c6d9a296c680c41d...[0m
[0;32mI (331) cpu_start: ESP-IDF:          v5.1.2-dirty[0m
[0;32mI (337) cpu_start: Min chip rev:     v0.0[0m
[0;32mI (341) cpu_start: Max chip rev:     v0.99 [0m
[0;32mI (346) cpu_start: Chip rev:         v0.2[0m
[0;32mI (351) heap_init: Initializing. RAM available for dynamic allocation:[0m
[0;32mI (358) heap_init: At 3FCA2A78 len 00046C98 (283 KiB): DRAM[0m
[0;32mI (364) heap_init: At 3FCE9710 len 00005724 (21 KiB): STACK/DRAM[0m
[0;32mI (371) heap_init: At 3FCF0000 len 00008000 (32 KiB): DRAM[0m
[0;32mI (377) heap_init: At 600FE010 len 00001FD8 (7 KiB): RTCRAM[0m
[0;32mI (385) spi_flash: detected chip: gd[0m
[0;32mI (388) spi_flash: flash io: dio[0m
[0;33mW (392) spi_flash: Detected size(8192k) larger than the size in the binary image header(4096k). Using the size in the binary image header.[0m
[0;32mI (406) sleep: Configure to isolate all GPIO pins in sleep state[0m
[0;32mI (412) sleep: Enable automatic switching of GPIO sleep configuration[0m
[0;32mI (419) app_start: Starting scheduler on CPU0[0m
[0;32mI (424) app_start: Starting scheduler on CPU1[0m
[0;32mI (424) main_task: Started on CPU0[0m
[0;32mI (434) main_task: Calling app_main()[0m
[0;32mI (434) MAIN: Starting app_main[0m
[0;32mI (554) wifi_station_netif: ESP_WIFI_MODE_STA[0m
ESP_ERROR_CHECK failed: esp_err_t 0x103 (ESP_ERR_INVALID_STATE) at 0x4200c366
file: "./components/micro_ros_espidf_component/network_interfaces/uros_wlan_netif.c" line 66
func: wifi_init_sta
expression: esp_event_loop_create_default()

abort() was called at PC 0x4037bf17 on core 0


Backtrace: 0x40375a4e:0x3fca6700 0x4037bf21:0x3fca6720 0x40383186:0x3fca6740 0x4037bf17:0x3fca67b0 0x4200c366:0x3fca67e0 0x4200c6bb:0x3fca69a0 0x4200a770:0x3fca69c0 0x4200a438:0x3fca69f0 0x42097507:0x3fca6a10 0x4037e9ad:0x3fca6a40




ELF file SHA256: c6d9a296c680c41d

Rebooting...
ESP-ROM:esp32s3-20210327
Build:Mar 27 2021
rst:0x3 (RTC_SW_SYS_RST),boot:0x8 (SPI_FAST_FLASH_BOOT)
Saved PC:0x403758d0
SPIWP:0xee
mode:DIO, clock div:1
load:0x3fce3818,len:0x1758
load:0x403c9700,len:0x4
load:0x403c9704,len:0xc00
load:0x403cc700,len:0x2e04
entry 0x403c9908
[0;32mI (26) boot: ESP-IDF v5.1.2-dirty 2nd stage bootloader[0m
[0;32mI (26) boot: compile time Apr  6 2026 13:24:17[0m
[0;32mI (26) boot: Multicore bootloader[0m
[0;32mI (30) boot: chip revision: v0.2[0m
[0;32mI (33) boot.esp32s3: Boot SPI Speed : 80MHz[0m
[0;32mI (38) boot.esp32s3: SPI Mode       : DIO[0m
[0;32mI (43) boot.esp32s3: SPI Flash Size : 4MB[0m
[0;32mI (48) boot: Enabling RNG early entropy source...[0m
[0;32mI (53) boot: Partition Table:[0m
[0;32mI (57) boot: ## Label            Usage          Type ST Offset   Length[0m
[0;32mI (64) boot:  0 nvs              WiFi data        01 02 00009000 00006000[0m
[0;32mI (71) boot:  1 phy_init         RF data          01 01 0000f000 00001000[0m
[0;32mI (79) boot:  2 factory          factory app      00 00 00010000 00100000[0m
[0;32mI (86) boot:  3 storage          Unknown data     01 82 00110000 00100000[0m
[0;32mI (94) boot: End of partition table[0m
[0;32mI (98) esp_image: segment 0: paddr=00010020 vaddr=3c0a0020 size=22d7ch (142716) map[0m
[0;32mI (132) esp_image: segment 1: paddr=00032da4 vaddr=3fc97200 size=0463ch ( 17980) load[0m
[0;32mI (136) esp_image: segment 2: paddr=000373e8 vaddr=40374000 size=08c30h ( 35888) load[0m
[0;32mI (146) esp_image: segment 3: paddr=00040020 vaddr=42000020 size=97e38h (622136) map[0m
[0;32mI (258) esp_image: segment 4: paddr=000d7e60 vaddr=4037cc30 size=0a510h ( 42256) load[0m
[0;32mI (276) boot: Loaded app from partition at offset 0x10000[0m
[0;32mI (276) boot: Disabling RNG early entropy source...[0m
[0;32mI (287) cpu_start: Multicore app[0m
[0;32mI (288) cpu_start: Pro cpu up.[0m
[0;32mI (288) cpu_start: Starting app cpu, entry point is 0x40375504[0m
[0;32mI (0) cpu_start: App cpu up.[0m
[0;32mI (306) cpu_start: Pro cpu start user code[0m
[0;32mI (306) cpu_start: cpu freq: 160000000 Hz[0m
[0;32mI (306) cpu_start: Application information:[0m
[0;32mI (309) cpu_start: Project name:     RR_OS[0m
[0;32mI (314) cpu_start: App version:      9ac8a6f-dirty[0m
[0;32mI (319) cpu_start: Compile time:     Apr  6 2026 20:24:50[0m
[0;32mI (325) cpu_start: ELF file SHA256:  c6d9a296c680c41d...[0m
[0;32mI (331) cpu_start: ESP-IDF:          v5.1.2-dirty[0m
[0;32mI (337) cpu_start: Min chip rev:     v0.0[0m
[0;32mI (341) cpu_start: Max chip rev:     v0.99 [0m
[0;32mI (346) cpu_start: Chip rev:         v0.2[0m
[0;32mI (351) heap_init: Initializing. RAM available for dynamic allocation:[0m
[0;32mI (358) heap_init: At 3FCA2A78 len 00046C98 (283 KiB): DRAM[0m
[0;32mI (364) heap_init: At 3FCE9710 len 00005724 (21 KiB): STACK/DRAM[0m
[0;32mI (371) heap_init: At 3FCF0000 len 00008000 (32 KiB): DRAM[0m
[0;32mI (377) heap_init: At 600FE010 len 00001FD8 (7 KiB): RTCRAM[0m
[0;32mI (384) spi_flash: detected chip: gd[0m
[0;32mI (388) spi_flash: flash io: dio[0m
[0;33mW (392) spi_flash: Detected size(8192k) larger than the size in the binary image header(4096k). Using the size in the binary image header.[0m
[0;32mI (405) sleep: Configure to isolate all GPIO pins in sleep state[0m
[0;32mI (412) sleep: Enable automatic switching of GPIO sleep configuration[0m
[0;32mI (419) app_start: Starting scheduler on CPU0[0m
[0;32mI (424) app_start: Starting scheduler on CPU1[0m
[0;32mI (424) main_task: Started on CPU0[0m
[0;32mI (434) main_task: Calling app_main()[0m
[0;32mI (434) MAIN: Starting app_main[0m
[0;32mI (554) wifi_station_netif: ESP_WIFI_MODE_STA[0m
ESP_ERROR_CHECK failed: esp_err_t 0x103 (ESP_ERR_INVALID_STATE) at 0x4200c366
file: "./components/micro_ros_espidf_component/network_interfaces/uros_wlan_netif.c" line 66
func: wifi_init_sta
expression: esp_event_loop_create_default()

abort() was called at PC 0x4037bf17 on core 0


Backtrace: 0x40375a4e:0x3fca6700 0x4037bf21:0x3fca6720 0x40383186:0x3fca6740 0x4037bf17:0x3fca67b0 0x4200c366:0x3fca67e0 0x4200c6bb:0x3fca69a0 0x4200a770:0x3fca69c0 0x4200a438:0x3fca69f0 0x42097507:0x3fca6a10 0x4037e9ad:0x3fca6a40




ELF file SHA256: c6d9a296c680c41d

Rebooting...
ESP-ROM:esp32s3-20210327
Build:Mar 27 2021
rst:0x3 (RTC_SW_SYS_RST),boot:0x8 (SPI_FAST_FLASH_BOOT)
Saved PC:0x403758d0
SPIWP:0xee
mode:DIO, clock div:1
load:0x3fce3818,len:0x1758
load:0x403c9700,len:0x4
load:0x403c9704,len:0xc00
load:0x403cc700,len:0x2e04
entry 0x403c9908
[0;32mI (26) boot: ESP-IDF v5.1.2-dirty 2nd stage bootloader[0m
[0;32mI (26) boot: compile time Apr  6 2026 13:24:17[0m
[0;32mI (26) boot: Multicore bootloader[0m
[0;32mI (30) boot: chip revision: v0.2[0m
[0;32mI (33) boot.esp32s3: Boot SPI Speed : 80MHz[0m
[0;32mI (38) boot.esp32s3: SPI Mode       : DIO[0m
[0;32mI (43) boot.esp32s3: SPI Flash Size : 4MB[0m
[0;32mI (48) boot: Enabling RNG early entropy source...[0m
[0;32mI (53) boot: Partition Table:[0m
[0;32mI (57) boot: ## Label            Usage          Type ST Offset   Length[0m
[0;32mI (64) boot:  0 nvs              WiFi data        01 02 00009000 00006000[0m
[0;32mI (71) boot:  1 phy_init         RF data          01 01 0000f000 00001000[0m
[0;32mI (79) boot:  2 factory          factory app      00 00 00010000 00100000[0m
[0;32mI (86) boot:  3 storage          Unknown data     01 82 00110000 00100000[0m
[0;32mI (94) boot: End of partition table[0m
[0;32mI (98) esp_image: segment 0: paddr=00010020 vaddr=3c0a0020 size=22d7ch (142716) map[0m
[0;32mI (132) esp_image: segment 1: paddr=00032da4 vaddr=3fc97200 size=0463ch ( 17980) load[0m
[0;32mI (136) esp_image: segment 2: paddr=000373e8 vaddr=40374000 size=08c30h ( 35888) load[0m
[0;32mI (146) esp_image: segment 3: paddr=00040020 vaddr=42000020 size=97e38h (622136) map[0m
[0;32mI (258) esp_image: segment 4: paddr=000d7e60 vaddr=4037cc30 size=0a510h ( 42256) load[0m
[0;32mI (276) boot: Loaded app from partition at offset 0x10000[0m
[0;32mI (276) boot: Disabling RNG early entropy source...[0m
[0;32mI (287) cpu_start: Multicore app[0m
[0;32mI (288) cpu_start: Pro cpu up.[0m
[0;32mI (288) cpu_start: Starting app cpu, entry point is 0x40375504[0m
[0;32mI (0) cpu_start: App cpu up.[0m
[0;32mI (306) cpu_start: Pro cpu start user code[0m
[0;32mI (306) cpu_start: cpu freq: 160000000 Hz[0m
[0;32mI (306) cpu_start: Application information:[0m
[0;32mI (309) cpu_start: Project name:     RR_OS[0m
[0;32mI (314) cpu_start: App version:      9ac8a6f-dirty[0m
[0;32mI (319) cpu_start: Compile time:     Apr  6 2026 20:24:50[0m
[0;32mI (325) cpu_start: ELF file SHA256:  c6d9a296c680c41d...[0m
[0;32mI (331) cpu_start: ESP-IDF:          v5.1.2-dirty[0m
[0;32mI (337) cpu_start: Min chip rev:     v0.0[0m
[0;32mI (341) cpu_start: Max chip rev:     v0.99 [0m
[0;32mI (346) cpu_start: Chip rev:         v0.2[0m
[0;32mI (351) heap_init: Initializing. RAM available for dynamic allocation:[0m
[0;32mI (358) heap_init: At 3FCA2A78 len 00046C98 (283 KiB): DRAM[0m
[0;32mI (364) heap_init: At 3FCE9710 len 00005724 (21 KiB): STACK/DRAM[0m
[0;32mI (371) heap_init: At 3FCF0000 len 00008000 (32 KiB): DRAM[0m
[0;32mI (377) heap_init: At 600FE010 len 00001FD8 (7 KiB): RTCRAM[0m
[0;32mI (384) spi_flash: detected chip: gd[0m
[0;32mI (388) spi_flash: flash io: dio[0m
[0;33mW (392) spi_flash: Detected size(8192k) larger than the size in the binary image header(4096k). Using the size in the binary image header.[0m
[0;32mI (405) sleep: Configure to isolate all GPIO pins in sleep state[0m
[0;32mI (412) sleep: Enable automatic switching of GPIO sleep configuration[0m
[0;32mI (419) app_start: Starting scheduler on CPU0[0m
[0;32mI (424) app_start: Starting scheduler on CPU1[0m
[0;32mI (424) main_task: Started on CPU0[0m
[0;32mI (434) main_task: Calling app_main()[0m
[0;32mI (434) MAIN: Starting app_main[0m
[0;32mI (554) wifi_station_netif: ESP_WIFI_MODE_STA[0m
ESP_ERROR_CHECK failed: esp_err_t 0x103 (ESP_ERR_INVALID_STATE) at 0x4200c366
file: "./components/micro_ros_espidf_component/network_interfaces/uros_wlan_netif.c" line 66
func: wifi_init_sta
expression: esp_event_loop_create_default()

abort() was called at PC 0x4037bf17 on core 0


Backtrace: 0x40375a4e:0x3fca6700 0x4037bf21:0x3fca6720 0x40383186:0x3fca6740 0x4037bf17:0x3fca67b0 0x4200c366:0x3fca67e0 0x4200c6bb:0x3fca69a0 0x4200a770:0x3fca69c0 0x4200a438:0x3fca69f0 0x42097507:0x3fca6a10 0x4037e9ad:0x3fca6a40




ELF file SHA256: c6d9a296c680c41d

Rebooting...
ESP-ROM:esp32s3-20210327
Build:Mar 27 2021
rst:0x3 (RTC_SW_SYS_RST),boot:0x8 (SPI_FAST_FLASH_BOOT)
Saved PC:0x403758d0
SPIWP:0xee
mode:DIO, clock div:1
load:0x3fce3818,len:0x1758
load:0x403c9700,len:0x4
load:0x403c9704,len:0xc00
load:0x403cc700,len:0x2e04
entry 0x403c9908
[0;32mI (26) boot: ESP-IDF v5.1.2-dirty 2nd stage bootloader[0m
[0;32mI (26) boot: compile time Apr  6 2026 13:24:17[0m
[0;32mI (26) boot: Multicore bootloader[0m
[0;32mI (30) boot: chip revision: v0.2[0m
[0;32mI (33) boot.esp32s3: Boot SPI Speed : 80MHz[0m
[0;32mI (38) boot.esp32s3: SPI Mode       : DIO[0m
[0;32mI (43) boot.esp32s3: SPI Flash Size : 4MB[0m
[0;32mI (48) boot: Enabling RNG early entropy source...[0m
[0;32mI (53) boot: Partition Table:[0m
[0;32mI (57) boot: ## Label            Usage          Type ST Offset   Length[0m
[0;32mI (64) boot:  0 nvs              WiFi data        01 02 00009000 00006000[0m
[0;32mI (71) boot:  1 phy_init         RF data          01 01 0000f000 00001000[0m
[0;32mI (79) boot:  2 factory          factory app      00 00 00010000 00100000[0m
[0;32mI (86) boot:  3 storage          Unknown data     01 82 00110000 00100000[0m
[0;32mI (94) boot: End of partition table[0m
[0;32mI (98) esp_image: segment 0: paddr=00010020 vaddr=3c0a0020 size=22d7ch (142716) map[0m
[0;32mI (132) esp_image: segment 1: paddr=00032da4 vaddr=3fc97200 size=0463ch ( 17980) load[0m
[0;32mI (136) esp_image: segment 2: paddr=000373e8 vaddr=40374000 size=08c30h ( 35888) load[0m
[0;32mI (146) esp_image: segment 3: paddr=00040020 vaddr=42000020 size=97e38h (622136) map[0m
[0;32mI (258) esp_image: segment 4: paddr=000d7e60 vaddr=4037cc30 size=0a510h ( 42256) load[0m
[0;32mI (276) boot: Loaded app from partition at offset 0x10000[0m
[0;32mI (276) boot: Disabling RNG early entropy source...[0m
[0;32mI (287) cpu_start: Multicore app[0m
[0;32mI (288) cpu_start: Pro cpu up.[0m
[0;32mI (288) cpu_start: Starting app cpu, entry point is 0x40375504[0m
[0;32mI (0) cpu_start: App cpu up.[0m
[0;32mI (306) cpu_start: Pro cpu start user code[0m
[0;32mI (306) cpu_start: cpu freq: 160000000 Hz[0m
[0;32mI (306) cpu_start: Application information:[0m
[0;32mI (309) cpu_start: Project name:     RR_OS[0m
[0;32mI (314) cpu_start: App version:      9ac8a6f-dirty[0m
[0;32mI (319) cpu_start: Compile time:     Apr  6 2026 20:24:50[0m
[0;32mI (325) cpu_start: ELF file SHA256:  c6d9a296c680c41d...[0m
[0;32mI (331) cpu_start: ESP-IDF:          v5.1.2-dirty[0m
[0;32mI (337) cpu_start: Min chip rev:     v0.0[0m
[0;32mI (341) cpu_start: Max chip rev:     v0.99 [0m
[0;32mI (346) cpu_start: Chip rev:         v0.2[0m
[0;32mI (351) heap_init: Initializing. RAM available for dynamic allocation:[0m
[0;32mI (358) heap_init: At 3FCA2A78 len 00046C98 (283 KiB): DRAM[0m
[0;32mI (364) heap_init: At 3FCE9710 len 00005724 (21 KiB): STACK/DRAM[0m
[0;32mI (371) heap_init: At 3FCF0000 len 00008000 (32 KiB): DRAM[0m
[0;32mI (377) heap_init: At 600FE010 len 00001FD8 (7 KiB): RTCRAM[0m
[0;32mI (384) spi_flash: detected chip: gd[0m
[0;32mI (388) spi_flash: flash io: dio[0m
[0;33mW (392) spi_flash: Detected size(8192k) larger than the size in the binary image header(4096k). Using the size in the binary image header.[0m
[0;32mI (405) sleep: Configure to isolate all GPIO pins in sleep state[0m
[0;32mI (412) sleep: Enable automatic switching of GPIO sleep configuration[0m
[0;32mI (419) app_start: Starting scheduler on CPU0[0m
[0;32mI (424) app_start: Starting scheduler on CPU1[0m
[0;32mI (424) main_task: Started on CPU0[0m
[0;32mI (434) main_task: Calling app_main()[0m
[0;32mI (434) MAIN: Starting app_main[0m
[0;32mI (554) wifi_station_netif: ESP_WIFI_MODE_STA[0m
ESP_ERROR_CHECK failed: esp_err_t 0x103 (ESP_ERR_INVALID_STATE) at 0x4200c366
file: "./components/micro_ros_espidf_component/network_interfaces/uros_wlan_netif.c" line 66
func: wifi_init_sta
expression: esp_event_loop_create_default()

abort() was called at PC 0x4037bf17 on core 0


Backtrace: 0x40375a4e:0x3fca6700 0x4037bf21:0x3fca6720 0x40383186:0x3fca6740 0x4037bf17:0x3fca67b0 0x4200c366:0x3fca67e0 0x4200c6bb:0x3fca69a0 0x4200a770:0x3fca69c0 0x4200a438:0x3fca69f0 0x42097507:0x3fca6a10 0x4037e9ad:0x3fca6a40




ELF file SHA256: c6d9a296c680c41d

Rebooting...
ESP-ROM:esp32s3-20210327
Build:Mar 27 2021
rst:0x3 (RTC_SW_SYS_RST),boot:0x8 (SPI_FAST_FLASH_BOOT)
Saved PC:0x403758d0
SPIWP:0xee
mode:DIO, clock div:1
load:0x3fce3818,len:0x1758
load:0x403c9700,len:0x4
load:0x403c9704,len:0xc00
load:0x403cc700,len:0x2e04
entry 0x403c9908
[0;32mI (26) boot: ESP-IDF v5.1.2-dirty 2nd stage bootloader[0m
[0;32mI (26) boot: compile time Apr  6 2026 13:24:17[0m
[0;32mI (26) boot: Multicore bootloader[0m
[0;32mI (30) boot: chip revision: v0.2[0m
[0;32mI (33) boot.esp32s3: Boot SPI Speed : 80MHz[0m
[0;32mI (38) boot.esp32s3: SPI Mode       : DIO[0m
[0;32mI (43) boot.esp32s3: SPI Flash Size : 4MB[0m
[0;32mI (48) boot: Enabling RNG early entropy source...[0m
[0;32mI (53) boot: Partition Table:[0m
[0;32mI (57) boot: ## Label            Usage          Type ST Offset   Length[0m
[0;32mI (64) boot:  0 nvs              WiFi data        01 02 00009000 00006000[0m
[0;32mI (71) boot:  1 phy_init         RF data          01 01 0000f000 00001000[0m
[0;32mI (79) boot:  2 factory          factory app      00 00 00010000 00100000[0m
[0;32mI (86) boot:  3 storage          Unknown data     01 82 00110000 00100000[0m
[0;32mI (94) boot: End of partition table[0m
[0;32mI (98) esp_image: segment 0: paddr=00010020 vaddr=3c0a0020 size=22d7ch (142716) map[0m
[0;32mI (132) esp_image: segment 1: paddr=00032da4 vaddr=3fc97200 size=0463ch ( 17980) load[0m
[0;32mI (136) esp_image: segment 2: paddr=000373e8 vaddr=40374000 size=08c30h ( 35888) load[0m
[0;32mI (146) esp_image: segment 3: paddr=00040020 vaddr=42000020 size=97e38h (622136) map[0m
[0;32mI (258) esp_image: segment 4: paddr=000d7e60 vaddr=4037cc30 size=0a510h ( 42256) load[0m
[0;32mI (276) boot: Loaded app from partition at offset 0x10000[0m
[0;32mI (276) boot: Disabling RNG early entropy source...[0m
[0;32mI (287) cpu_start: Multicore app[0m
[0;32mI (288) cpu_start: Pro cpu up.[0m
[0;32mI (288) cpu_start: Starting app cpu, entry point is 0x40375504[0m
[0;32mI (0) cpu_start: App cpu up.[0m
[0;32mI (306) cpu_start: Pro cpu start user code[0m
[0;32mI (306) cpu_start: cpu freq: 160000000 Hz[0m
[0;32mI (306) cpu_start: Application information:[0m
[0;32mI (309) cpu_start: Project name:     RR_OS[0m
[0;32mI (314) cpu_start: App version:      9ac8a6f-dirty[0m
[0;32mI (319) cpu_start: Compile time:     Apr  6 2026 20:24:50[0m
[0;32mI (325) cpu_start: ELF file SHA256:  c6d9a296c680c41d...[0m
[0;32mI (331) cpu_start: ESP-IDF:          v5.1.2-dirty[0m
[0;32mI (337) cpu_start: Min chip rev:     v0.0[0m
[0;32mI (341) cpu_start: Max chip rev:     v0.99 [0m
[0;32mI (346) cpu_start: Chip rev:         v0.2[0m
[0;32mI (351) heap_init: Initializing. RAM available for dynamic allocation:[0m
[0;32mI (358) heap_init: At 3FCA2A78 len 00046C98 (283 KiB): DRAM[0m
[0;32mI (364) heap_init: At 3FCE9710 len 00005724 (21 KiB): STACK/DRAM[0m
[0;32mI (371) heap_init: At 3FCF0000 len 00008000 (32 KiB): DRAM[0m
[0;32mI (377) heap_init: At 600FE010 len 00001FD8 (7 KiB): RTCRAM[0m
[0;32mI (384) spi_flash: detected chip: gd[0m
[0;32mI (388) spi_flash: flash io: dio[0m
[0;33mW (392) spi_flash: Detected size(8192k) larger than the size in the binary image header(4096k). Using the size in the binary image header.[0m
[0;32mI (405) sleep: Configure to isolate all GPIO pins in sleep state[0m
[0;32mI (412) sleep: Enable automatic switching of GPIO sleep configuration[0m
[0;32mI (419) app_start: Starting scheduler on CPU0[0m
[0;32mI (424) app_start: Starting scheduler on CPU1[0m
[0;32mI (424) main_task: Started on CPU0[0m
[0;32mI (434) main_task: Calling app_main()[0m
[0;32mI (434) MAIN: Starting app_main[0m
[0;32mI (554) wifi_station_netif: ESP_WIFI_MODE_STA[0m
ESP_ERROR_CHECK failed: esp_err_t 0x103 (ESP_ERR_INVALID_STATE) at 0x4200c366
file: "./components/micro_ros_espidf_component/network_interfaces/uros_wlan_netif.c" line 66
func: wifi_init_sta
expression: esp_event_loop_create_default()

abort() was called at PC 0x4037bf17 on core 0


Backtrace: 0x40375a4e:0x3fca6700 0x4037bf21:0x3fca6720 0x40383186:0x3fca6740 0x4037bf17:0x3fca67b0 0x4200c366:0x3fca67e0 0x4200c6bb:0x3fca69a0 0x4200a770:0x3fca69c0 0x4200a438:0x3fca69f0 0x42097507:0x3fca6a10 0x4037e9ad:0x3fca6a40




ELF file SHA256: c6d9a296c680c41d

Rebooting...
ESP-ROM:esp32s3-20210327
Build:Mar 27 2021
rst:0x3 (RTC_SW_SYS_RST),boot:0x8 (SPI_FAST_FLASH_BOOT)
Saved PC:0x403758d0
SPIWP:0xee
mode:DIO, clock div:1
load:0x3fce3818,len:0x1758
load:0x403c9700,len:0x4
load:0x403c9704,len:0xc00
load:0x403cc700,len:0x2e04
entry 0x403c9908
[0;32mI (26) boot: ESP-IDF v5.1.2-dirty 2nd stage bootloader[0m
[0;32mI (26) boot: compile time Apr  6 2026 13:24:17[0m
[0;32mI (26) boot: Multicore bootloader[0m
[0;32mI (30) boot: chip revision: v0.2[0m
[0;32mI (33) boot.esp32s3: Boot SPI Speed : 80MHz[0m
[0;32mI (38) boot.esp32s3: SPI Mode       : DIO[0m
[0;32mI (43) boot.esp32s3: SPI Flash Size : 4MB[0m
[0;32mI (48) boot: Enabling RNG early entropy source...[0m
[0;32mI (53) boot: Partition Table:[0m
[0;32mI (57) boot: ## Label            Usage          Type ST Offset   Length[0m
[0;32mI (64) boot:  0 nvs              WiFi data        01 02 00009000 00006000[0m
[0;32mI (71) boot:  1 phy_init         RF data          01 01 0000f000 00001000[0m
[0;32mI (79) boot:  2 factory          factory app      00 00 00010000 00100000[0m
[0;32mI (86) boot:  3 storage          Unknown data     01 82 00110000 00100000[0m
[0;32mI (94) boot: End of partition table[0m
[0;32mI (98) esp_image: segment 0: paddr=00010020 vaddr=3c0a0020 size=22d7ch (142716) map[0m
[0;32mI (132) esp_image: segment 1: paddr=00032da4 vaddr=3fc97200 size=0463ch ( 17980) load[0m
[0;32mI (136) esp_image: segment 2: paddr=000373e8 vaddr=40374000 size=08c30h ( 35888) load[0m
[0;32mI (146) esp_image: segment 3: paddr=00040020 vaddr=42000020 size=97e38h (622136) map[0m
[0;32mI (258) esp_image: segment 4: paddr=000d7e60 vaddr=4037cc30 size=0a510h ( 42256) load[0m
[0;32mI (276) boot: Loaded app from partition at offset 0x10000[0m
[0;32mI (276) boot: Disabling RNG early entropy source...[0m
[0;32mI (287) cpu_start: Multicore app[0m
[0;32mI (288) cpu_start: Pro cpu up.[0m
[0;32mI (288) cpu_start: Starting app cpu, entry point is 0x40375504[0m
[0;32mI (0) cpu_start: App cpu up.[0m
[0;32mI (306) cpu_start: Pro cpu start user code[0m
[0;32mI (306) cpu_start: cpu freq: 160000000 Hz[0m
[0;32mI (306) cpu_start: Application information:[0m
[0;32mI (309) cpu_start: Project name:     RR_OS[0m
[0;32mI (314) cpu_start: App version:      9ac8a6f-dirty[0m
[0;32mI (319) cpu_start: Compile time:     Apr  6 2026 20:24:50[0m
[0;32mI (325) cpu_start: ELF file SHA256:  c6d9a296c680c41d...[0m
[0;32mI (331) cpu_start: ESP-IDF:          v5.1.2-dirty[0m
[0;32mI (337) cpu_start: Min chip rev:     v0.0[0m
[0;32mI (341) cpu_start: Max chip rev:     v0.99 [0m
[0;32mI (346) cpu_start: Chip rev:         v0.2[0m
[0;32mI (351) heap_init: Initializing. RAM available for dynamic allocation:[0m
[0;32mI (358) heap_init: At 3FCA2A78 len 00046C98 (283 KiB): DRAM[0m
[0;32mI (364) heap_init: At 3FCE9710 len 00005724 (21 KiB): STACK/DRAM[0m
[0;32mI (371) heap_init: At 3FCF0000 len 00008000 (32 KiB): DRAM[0m
[0;32mI (377) heap_init: At 600FE010 len 00001FD8 (7 KiB): RTCRAM[0m
[0;32mI (384) spi_flash: detected chip: gd[0m
[0;32mI (388) spi_flash: flash io: dio[0m
[0;33mW (392) spi_flash: Detected size(8192k) larger than the size in the binary image header(4096k). Using the size in the binary image header.[0m
[0;32mI (405) sleep: Configure to isolate all GPIO pins in sleep state[0m
[0;32mI (412) sleep: Enable automatic switching of GPIO sleep configuration[0m
[0;32mI (419) app_start: Starting scheduler on CPU0[0m
[0;32mI (424) app_start: Starting scheduler on CPU1[0m
[0;32mI (424) main_task: Started on CPU0[0m
[0;32mI (434) main_task: Calling app_main()[0m
[0;32mI (434) MAIN: Starting app_main[0m
[0;32mI (554) wifi_station_netif: ESP_WIFI_MODE_STA[0m
ESP_ERROR_CHECK failed: esp_err_t 0x103 (ESP_ERR_INVALID_STATE) at 0x4200c366
file: "./components/micro_ros_espidf_component/network_interfaces/uros_wlan_netif.c" line 66
func: wifi_init_sta
expression: esp_event_loop_create_default()

abort() was called at PC 0x4037bf17 on core 0


Backtrace: 0x40375a4e:0x3fca6700 0x4037bf21:0x3fca6720 0x40383186:0x3fca6740 0x4037bf17:0x3fca67b0 0x4200c366:0x3fca67e0 0x4200c6bb:0x3fca69a0 0x4200a770:0x3fca69c0 0x4200a438:0x3fca69f0 0x42097507:0x3fca6a10 0x4037e9ad:0x3fca6a40




ELF file SHA256: c6d9a296c680c41d

Rebooting...
ESP-ROM:esp32s3-20210327
Build:Mar 27 2021
rst:0x3 (RTC_SW_SYS_RST),boot:0x8 (SPI_FAST_FLASH_BOOT)
Saved PC:0x403758d0
SPIWP:0xee
mode:DIO, clock div:1
load:0x3fce3818,len:0x1758
load:0x403c9700,len:0x4
load:0x403c9704,len:0xc00
load:0x403cc700,len:0x2e04
entry 0x403c9908
[0;32mI (26) boot: ESP-IDF v5.1.2-dirty 2nd stage bootloader[0m
[0;32mI (26) boot: compile time Apr  6 2026 13:24:17[0m
[0;32mI (26) boot: Multicore bootloader[0m
[0;32mI (30) boot: chip revision: v0.2[0m
[0;32mI (33) boot.esp32s3: Boot SPI Speed : 80MHz[0m
[0;32mI (38) boot.esp32s3: SPI Mode       : DIO[0m
[0;32mI (43) boot.esp32s3: SPI Flash Size : 4MB[0m
[0;32mI (48) boot: Enabling RNG early entropy source...[0m
[0;32mI (53) boot: Partition Table:[0m
[0;32mI (57) boot: ## Label            Usage          Type ST Offset   Length[0m
[0;32mI (64) boot:  0 nvs              WiFi data        01 02 00009000 00006000[0m
[0;32mI (71) boot:  1 phy_init         RF data          01 01 0000f000 00001000[0m
